(node:30872) [MODULE_TYPELESS_PACKAGE_JSON] Warning: Module type of file:///C:/workspace/baba-membership/tests/admin-dashboard-report.test.ts is not specified and it doesn't parse as CommonJS.
Reparsing as ES module because module syntax was detected. This incurs a performance overhead.
To eliminate this warning, add "type": "module" to C:\workspace\baba-membership\package.json.
(Use `node --trace-warnings ...` to show where the warning was created)
✔ dashboard cash KPIs use received income and actual cash outflow while preserving P&L (1.6695ms)
✔ month and percentage comparisons handle ordinary, zero-base and sign-crossing values (0.8932ms)
✔ expense leaves roll through their parent to the top level and corrections reduce the net amount (0.2939ms)
✔ investment, transfer and balance adjustment stay outside P&L breakdowns (0.2192ms)
✔ business fund balance excludes card clearing and non-business accounts (0.1636ms)
✔ operating income absorbs 예금이자 and expands to memo details, including the interest, whose net sum matches (0.6832ms)
✔ breakdown rows carry previous-month change and cash flow reuses actual-cash report values (0.277ms)
✔ actual cash expense categories trace split payable allocations and payroll while investments stay separate (0.863ms)
✔ 2026-09 fixture keeps actual cash KPIs separate from accounting profit (0.1711ms)
✔ operating profit KPI reuses the summary value and the sign-safe month comparison (0.3489ms)
✔ dashboard KPI shows operating profit instead of the fund balance, which stays in the cash-flow card (0.5098ms)
✔ ledger API exposes the same recognition-month profit rows used by summary calculations (0.1397ms)
✔ admin remains the original role-filtered management menu without monthly-report UI (0.1844ms)
✔ ledger root contains the monthly report and replaces the legacy summary dashboard (0.7236ms)
✔ month selection uses the BABA business date, URL month query and stale-response guards (0.1651ms)
✔ ledger dashboard uses the compact entries-style month control and direction-only trend colors (0.183ms)
✔ ledger layout authorization, subnav and child-route contract remain unchanged (0.1303ms)
✔ dashboard keeps the requested Korean and Vietnamese core labels (0.1289ms)
✔ income composition folds 예금이자 into 영업수입 and still totals receivedIncome (0.2693ms)
✔ dashboard UI: KPI amount colors, adjacent detail button, shared category chevrons, no expense ledger link, red cost amounts in the modal (0.4863ms)
✔ every actual-cash expense row equals the sum of its details; payroll_payment appears as 급여 지급 (0.8387ms)
✔ migration only changes regular khac policy and preserves bridges and supplier aliases (858.4041ms)
✔ constraints reject invalid unspecified combinations and retain existing payment policies (574.3621ms)
✔ v4 create/update support unspecified, audit and retain auto-link and authorization (488.7265ms)
(node:6352) [MODULE_TYPELESS_PACKAGE_JSON] Warning: Module type of file:///C:/workspace/baba-membership/lib/partners/policy.ts is not specified and it doesn't parse as CommonJS.
Reparsing as ES module because module syntax was detected. This incurs a performance overhead.
To eliminate this warning, add "type": "module" to C:\workspace\baba-membership\package.json.
(Use `node --trace-warnings ...` to show where the warning was created)
✔ partner parser accepts explicit unspecified and rejects non-null settlement fields (1.1333ms)
✔ unspecified partner resolution is determined by policy, independent of name (0.7987ms)
✔ immediate partner resolution is determined by policy, independent of name (0.1085ms)
✔ postpaid partner resolution is determined by policy, independent of name (0.0822ms)
✔ partner payment UI renders three choices and clears policy on unspecified (53.5967ms)
✔ new PartnerForm defaults unspecified and existing values/party bridge round-trip (64.3368ms)
(node:29572) [MODULE_TYPELESS_PACKAGE_JSON] Warning: Module type of file:///C:/workspace/baba-membership/lib/ledger/pos-sales-source.ts is not specified and it doesn't parse as CommonJS.
Reparsing as ES module because module syntax was detected. This incurs a performance overhead.
To eliminate this warning, add "type": "module" to C:\workspace\baba-membership\package.json.
(Use `node --trace-warnings ...` to show where the warning was created)
✔ auto deposit atomically writes transaction, movements, auto_allocated reconciliation, FIFO lines and audit into the corporate bank (1013.0899ms)
✔ partial single-sale allocation leaves the remaining principal outstanding, not a fee (558.1608ms)
✔ FIFO counts legacy partial lines, excludes sales after the deposit date and cancelled allocations (679.4879ms)
✔ guards: actor, amount, closed month, corporate bank resolution and card clearing balance (637.2333ms)
✔ a mid-transaction failure rolls back every write (835.3121ms)
✔ sequential deposits cannot overrun a sale and the RPC serializes on the shared card locks (881.6713ms)
✔ auto_allocated rows are immutable to manual matching and cannot carry a fee difference (910.1315ms)
✔ cancelling an auto deposit reverses both movements, releases its allocations and records audit (895.0665ms)
✔ the migration leaves existing historical reconciliations and legacy RPC contracts unchanged (932.1858ms)
(node:29104) [MODULE_TYPELESS_PACKAGE_JSON] Warning: Module type of file:///C:/workspace/baba-membership/lib/ledger/month-close-operating.ts is not specified and it doesn't parse as CommonJS.
Reparsing as ES module because module syntax was detected. This incurs a performance overhead.
To eliminate this warning, add "type": "module" to C:\workspace\baba-membership\package.json.
(Use `node --trace-warnings ...` to show where the warning was created)
✔ closed prior month automatically finalizes 2.15% fee and keeps movement in finalization month (1041.8795ms)
✔ upper normal range (629.558ms)
✔ lower normal range (707.246ms)
✔ insufficient deposits (773.7777ms)
✔ overshoot splits prior-month payment, target fee and current sales with exact total and frozen close snapshot (997.7389ms)
✔ multiple closed months finalize oldest first then allocate the same deposit to the running month (995.4103ms)
✔ review and insufficient next-month capacity leave deposits, fee closures, movements and audits untouched (1855.6212ms)
✔ preflight fee pending is a warning, real corruption is a blocker, and real close/reopen policies still work (892.9594ms)
✔ no running-month auto fee, confirmed fee is never duplicated, deposit cancellation restores only its principal (954.8585ms)
✔ fee guard capability cannot be forged, ordinary historical writes remain blocked and audit failure is atomic (901.6878ms)
✔ September fees confirmed by October deposits affect only September P&L without duplicate current-month expense (921.6932ms)
✔ legacy unallocated deposits and negative clearing remain genuine close blockers (955.5348ms)
✔ cancelled manual fee history is preserved when a later closed-month automatic fee is created (912.4701ms)
(node:2016) [MODULE_TYPELESS_PACKAGE_JSON] Warning: Module type of file:///C:/workspace/baba-membership/lib/ledger/card-fee-policy.ts is not specified and it doesn't parse as CommonJS.
Reparsing as ES module because module syntax was detected. This incurs a performance overhead.
To eliminate this warning, add "type": "module" to C:\workspace\baba-membership\package.json.
(Use `node --trace-warnings ...` to show where the warning was created)
✔ preview fee 2150000 for remaining 5000000, deposit 2850000 (7.8676ms)
✔ preview fee 2400000 for remaining 5000000, deposit 2600000 (0.1593ms)
✔ preview fee 0 for remaining 5000000, deposit 1500000 (0.0828ms)
✔ preview fee 2150000 for remaining 3000000, deposit 4000000 (0.0865ms)
✔ preview fee 2400000 for remaining 2400000, deposit 1000000 (0.0908ms)
✔ preview current month, review, rounding and capacity use exact deposit invariant (0.2097ms)
✔ SQL and shared preview policy rates are identical (0.4782ms)
✔ actual auto fee date consumes operational gross without rewriting previous month-end gross (0.2887ms)
✔ expected fee finalization is excluded from snapshot drift, but real holdings drift is retained (0.4056ms)
✔ historical fee-pending P&L remains provisional and becomes final after recognition (0.4465ms)
(node:29756) [MODULE_TYPELESS_PACKAGE_JSON] Warning: Module type of file:///C:/workspace/baba-membership/lib/ledger/pos-sales-source.ts is not specified and it doesn't parse as CommonJS.
Reparsing as ES module because module syntax was detected. This incurs a performance overhead.
To eliminate this warning, add "type": "module" to C:\workspace\baba-membership\package.json.
(Use `node --trace-warnings ...` to show where the warning was created)
✔ unmatched, partial, and matched cancellation append exact reversals while retaining history (981.1447ms)
✔ closed deposit month blocks create, match, and cancel before any reversal (597.1528ms)
✔ preflight blocks incomplete real deposits and excludes cancelled allocation lines (612.9343ms)
✔ future POS sales fail partial and confirm atomically while same-day and older sales remain eligible (605.4892ms)
(node:31196) [MODULE_TYPELESS_PACKAGE_JSON] Warning: Module type of file:///C:/workspace/baba-membership/lib/ledger/pos-sales-source.ts is not specified and it doesn't parse as CommonJS.
Reparsing as ES module because module syntax was detected. This incurs a performance overhead.
To eliminate this warning, add "type": "module" to C:\workspace\baba-membership\package.json.
(Use `node --trace-warnings ...` to show where the warning was created)
✔ confirming a month books its remaining card gross once as fee, consumes it FIFO and reaches card clearing only (1011.9494ms)
✔ a fully deposited month confirms a zero fee with no transaction, movement or line (642.788ms)
✔ confirmation guards: actor, month shape, current/future/closed months, duplicates, legacy deposits, earlier months, no sales, clearing balance (670.3246ms)
✔ closed earlier months never block, and card clearing must cover the fee (699.7593ms)
✔ a mid-transaction failure rolls back the whole confirmation (864.2259ms)
✔ fee allocation consumes only the target month, oldest first, and totals the fee (891.7719ms)
✔ cancelling a fee reverses the expense, restores card clearing and outstanding, and keeps history (906.9352ms)
✔ month-close preflight requires a confirmed fee for months with card sales and hashes fee state (865.4649ms)
✔ POS card sales cannot shrink below consumption or change inside a fee-confirmed month (889.397ms)
✔ the migration leaves existing card data unchanged and creates no closures (852.8273ms)
✔ card fee preflight patch keeps payment-verification blockers and warnings alongside CARD_FEE_NOT_CONFIRMED (889.4549ms)
✔ the patched preflight keeps every earlier blocker/warning contract and refuses a stale baseline (1623.293ms)
(node:12324) [MODULE_TYPELESS_PACKAGE_JSON] Warning: Module type of file:///C:/workspace/baba-membership/lib/ledger/card-settlements.ts is not specified and it doesn't parse as CommonJS.
Reparsing as ES module because module syntax was detected. This incurs a performance overhead.
To eliminate this warning, add "type": "module" to C:\workspace\baba-membership\package.json.
(Use `node --trace-warnings ...` to show where the warning was created)
✔ outstanding counts next-month deposits and historical matched lines; the matched fee stays separate (3.239ms)
✔ active fee lines remove outstanding and define the final fee; cancelled closures do not (0.4145ms)
✔ month state blockers mirror the confirm RPC order (0.7786ms)
✔ operating summary counts historical attributed fee 200 plus month-end fee 300 exactly once (0.6343ms)
✔ month-end card snapshot settles fee lines in their fee month only (0.2583ms)
✔ card fee POST sends only month and memo to the confirm RPC and maps its statuses (155.5742ms)
✔ card fee cancel requires a reason and forwards only the canonical RPC arguments (36.1071ms)
[LEDGER_CARD_SETTLEMENTS_GET_FAILED] { code: 'LOCAL_READ_FAILURE' }
✔ GET orders card deposits by date ascending and id ascending within a day, including cancelled history (120.1491ms)
✔ GET pins monthly settled and outstanding to deposit date while keeping operational sales current (40.5912ms)
✔ GET keeps sale-month gross separate from deposit-month summary and returns oldest outstanding candidates across months (33.438ms)
✔ GET with no reconciliation leaves full monthly and total gross outstanding (23.0488ms)
✔ GET attributes a mixed-month matched difference by sale gross without changing deposit-month metrics (23.7286ms)
✔ GET pages sales, reconciliation lines and clearing movements beyond 1000 rows (28.258ms)
✔ GET authorization, invalid month and failed reads do not silently return financial totals (56.3625ms)
✔ create calls only the atomic auto-allocation RPC while the legacy match route keeps its RPC contract without direct writes (24.9352ms)
✔ create accepts only depositAt/amount/memo and maps RPC rejections to explicit statuses (105.0759ms)
✔ GET treats auto_allocated deposits as settled principal but never as unmatched deposits or confirmed fees (17.8283ms)
✔ create rejects a client-supplied destinationAccountId before any account lookup or RPC (18.3607ms)
✔ create returns CORPORATE_BANK_ACCOUNT_MISSING when no active baba_corporate_bank account exists (32.0707ms)
✔ future card sale is a 409 and preserves the RPC date context (18.6955ms)
✔ cancel requires a reason, rejects extra keys, and forwards only the canonical RPC arguments (16.0688ms)
✔ cancel enforces owner/master gate and maps RPC states without direct table writes (131.8832ms)
✔ GET subtracts active month-end fee allocations from outstanding and ignores cancelled fee closures (31.7863ms)
(node:7428) [MODULE_TYPELESS_PACKAGE_JSON] Warning: Module type of file:///C:/workspace/baba-membership/tests/ledger-card-settlements.test.ts is not specified and it doesn't parse as CommonJS.
Reparsing as ES module because module syntax was detected. This incurs a performance overhead.
To eliminate this warning, add "type": "module" to C:\workspace\baba-membership\package.json.
(Use `node --trace-warnings ...` to show where the warning was created)
✔ card deposit registration RPC is only the atomic auto-allocation RPC (1.0237ms)
✔ deposit subtracts card pending (0.1123ms)
✔ deposit adds destination bank (0.1081ms)
✔ card deposit is not income (0.0871ms)
✔ new deposit is unmatched (0.0777ms)
✔ partial status is supported (0.0732ms)
✔ matched status is supported (0.0627ms)
✔ one deposit supports several sales (0.0817ms)
✔ one sale supports several deposits (0.1411ms)
✔ gross overallocation is rejected (0.202ms)
✔ allocations are keyed by reconciliation and sale (0.1684ms)
✔ gross below deposit cannot complete (0.1102ms)
✔ five million less 4.91 million is 90 thousand (0.1983ms)
✔ difference expense is created (0.1105ms)
✔ difference additionally subtracts pending (0.0732ms)
✔ difference has one unique source key (0.0954ms)
✔ expected fee is neither a card UI input nor persisted (0.4115ms)
✔ rate uses completed reconciliation only (0.4966ms)
✔ unmatched and partial do not enter rate (0.179ms)
✔ card sales lock in id order (0.0838ms)
✔ matching is one atomic RPC (0.0651ms)
✔ pending balance is validated (0.8354ms)
✔ POS card transaction is read only (0.105ms)
✔ POS source is never mutated (0.0694ms)
✔ all endpoints use owner master server gate (0.124ms)
✔ POS parity remains (0.0442ms)
✔ Inventory regression remains (0.0402ms)
✔ Payable regression remains (0.036ms)
✔ Meal Payroll regression remains (0.0513ms)
✔ Foundation balance and profit regression remains (0.0464ms)
✔ card clearing mapping remains (0.054ms)
✔ new tables enable RLS and deny browser CRUD (0.0763ms)
✔ RPC execution is service role only (0.0957ms)
✔ audit preserves deposit and settlement facts (0.0881ms)
✔ cancellation metadata preserves confirmed facts and requires a nonblank reason (0.1888ms)
✔ cancel RPC is service-role-only, security definer, and reason-gated (0.1808ms)
✔ cancel is append-only, reverses deposit and optional difference, and preserves lines (0.1814ms)
✔ cancellation validates originals and is row-locked and idempotent (0.1252ms)
✔ create match and cancel share month-close then clearing lock order (0.1179ms)
✔ preflight blocks incomplete deposits and ignores cancelled allocation history (0.1648ms)
✔ list and detail APIs retain cancelled rows and expose cancellation audit metadata (0.1202ms)
✔ future sale guard runs after POS validation and before overallocation or writes (0.144ms)
✔ future sale migration preserves locking and privileged function contract (0.1213ms)
✔ month-end card status excludes later deposits while current matching and sale-month difference keep their own rules (0.431ms)
✔ month-end card status excludes cancelled and future partial allocations but retains in-month partial allocation policy (0.073ms)
✔ August reference gross keeps sale-month outstanding distinct from August deposit totals (0.5252ms)
✔ A: no allocation leaves all monthly card gross unreconciled (0.083ms)
✔ B and C: later deposit allocates gross, not net deposit, against originating month (0.1006ms)
✔ D: cancelled reconciliation never allocates gross (0.0607ms)
✔ E: partial allocation reduces outstanding by exactly its gross (0.051ms)
✔ sale-month completed gross excludes partial saves while connected gross includes them (0.0908ms)
✔ settlement rate uses matched sale gross and handles zero card sales (0.0687ms)
✔ one matched reconciliation attributes difference to two sale months by gross share (0.0866ms)
✔ partial, cancelled and zero-gross reconciliations never contribute attributed difference (0.1027ms)
✔ August reference fixture keeps gross and settlement difference at three decimals (0.0922ms)
✔ F: allocations of other months never enter selected sale month (0.0721ms)
✔ gross is floored per sale, so overallocated rows never mask other outstanding (0.0623ms)
✔ multiple allocations maintain three decimal places (0.0744ms)
✔ deposit summary scopes unmatched and completed metrics by deposit date, excludes cancelled (0.0983ms)
✔ recommendation reaches fee-adjusted gross and partially allocates the final oldest sale (6.9715ms)
✔ recommendation respects capacities, zero fee, rounding and invalid rates (0.5534ms)
✔ deposit eligibility excludes only future sales without mutating or reordering input (0.4667ms)
✔ editing partial matches restores own allocation capacity including exhausted candidates (0.2357ms)
✔ monthly report keeps accounting income; card settlements stay reachable from ledger entries (1.1835ms)
✔ UI keeps POS detail and guarded cancellation controls without manual allocation (0.2494ms)
✔ card views label month-end settlement separately from current matching and sale-month fees (0.4614ms)
✔ auto allocation partially settles the oldest sale by exactly the deposit amount (0.3257ms)
✔ auto allocation fully settles one sale and continues across dates in order (0.1111ms)
✔ auto allocation uses remaining partial outstanding, id order within a date, and skips settled or future sales (0.1239ms)
✔ auto allocation refuses amounts beyond eligible outstanding or without eligible sales, and invalid amounts (0.1456ms)
✔ auto allocation sums exactly in thousandths (0.1128ms)
✔ settled statuses are matched and auto_allocated only (0.0578ms)
✔ auto-allocation migration never books a fee and leaves existing rows untouched (1.3094ms)
(node:21316) [MODULE_TYPELESS_PACKAGE_JSON] Warning: Module type of file:///C:/workspace/baba-membership/lib/ledger/card-settlements.ts is not specified and it doesn't parse as CommonJS.
Reparsing as ES module because module syntax was detected. This incurs a performance overhead.
To eliminate this warning, add "type": "module" to C:\workspace\baba-membership\package.json.
(Use `node --trace-warnings ...` to show where the warning was created)
✔ closed month shows a compact reopen entry point and keeps ledger writes disabled (381.798ms)
✔ reopen confirmation posts reason, reloads all selected-month data and unlocks writes (195.9672ms)
✔ open past month keeps its close action; opening amounts inherit the app font (72.6072ms)
✔ current business month hides the whole close banner; a past open month can close (324.7552ms)
✔ the existing Vietnam business date keeps September current until the 03:00 cutoff (173.9894ms)
✔ reclose success closes the sheet, reloads the ledger and shows the new revision (158.805ms)
✔ entries month loading actually sends selected month to payables API (164.0059ms)
✔ August and September render different closing with month-only payments and preserved accounting totals (167.9239ms)
✔ historical drilldown renders month-end sources with no current payment controls or current detail read (94.2716ms)
✔ a drilldown selected in another month cannot expose payment controls after month navigation (69.353ms)
✔ current-month operational detail retains its payment form (86.5034ms)
✔ zero reconciliations retain compact collapsed sales and entry button without displaying a deposit form (27.7677ms)
✔ payable accordion keeps its closing total visible but puts all four monthly cards inside expansion (411.0514ms)
✔ deposit history summary shows actual deposits and current unsettled card sales, never difference or average fee (63.5429ms)
✔ ledger card detail link preserves the month and card page has only a centered title (212.4749ms)
✔ card page reads the URL month, navigates by month controls and falls back on invalid input (56.9108ms)
✔ card page follows browser URL history and hides another month’s old response (57.6913ms)
✔ card status accordion shows four API metrics and a detail link without internal accounting labels (389.9157ms)
✔ August reference summary keeps month-end outstanding distinct from sale-month settlement difference (108.7055ms)
✔ zero card sales show a dash in the settlement-rate header (154.3015ms)
✔ expanded card status reads the selected month and collapsed status does not request extra data (373.4077ms)
✔ opening account cards render readable cash, corporate and personal emojis while preserving clearing exclusion (121.1543ms)
✔ September opening card displays the four carried-forward business fund balances (101.3342ms)
✔ deposit registration uses the centered form modal and keeps its submit and close contracts (27.4978ms)
✔ completed deposit rows label their date as the deposit date in both languages (62.475ms)
✔ completed deposit row opens read-only details and cannot expose matching controls (67.3581ms)
✔ historical matched detail shows only actual deposit and the stored gross applied to sales (32.8154ms)
✔ matched cancellation uses reason confirmation and posts the guarded endpoint (101.8037ms)
✔ cancelled reconciliation remains visible with audit detail and no link or cancel action (78.5089ms)
✔ sheet submit preserves card deposit POST fields and closes only after local successful response (77.2995ms)
✔ card settlement renders Vietnamese throughout its main view and deposit form (249.8144ms)
✔ a previous month's ledger/payables payload never paints under the newly selected month — the loading placeholder shows instead (111.1904ms)
✔ once the new month's data arrives (data.month matches the selected month again) the content renders normally (112.0293ms)
✔ investment header shows signed monthly change in both states and languages while details retain cumulative totals (1362.287ms)
✔ investment card sends the selected month to the investments API as part of the main load() (204.615ms)
✔ investment card distinguishes "not configured" from "configured with zero period activity" (164.025ms)
✔ investment card never paints a stale month's numbers — it falls back to the loading hint until investments.month matches the selected month (77.8099ms)
✔ an investments fetch failure for the current month shows its own error, never stale or empty-looking numbers (71.4866ms)
✔ investment events render short entry labels and amounts without account or reason details (84.2434ms)
✔ September recoveries show concise investor details in Korean and Vietnamese (162.4427ms)
✔ Vietnamese investment details retain short labels for opening, contribution and positive adjustment (78.7337ms)
✔ mobile investor chart gives the bars more room without changing desktop columns (0.5346ms)
✔ investment card shows a nonzero period opening and explains contribution as capital rather than profit (74.1227ms)
✔ investor bars show August new capital and September prior cumulative at the same length (152.2991ms)
✔ investor bars remain finite at zero and show a negative monthly adjustment (159.0589ms)
✔ September investor bars show closing capital after recovery in Korean and Vietnamese (146.3546ms)
✔ investor change labels use one decimal tr only when needed while exact amounts remain available (195.2008ms)
✔ investor segments use the shared opening-or-closing scale for increase, decrease and no change (268.8483ms)
✔ a load() call superseded by a newer one can never write state, even if its response resolves later (stale-response sequence guard) (89.7862ms)
✔ a card-settlement response for a month the user has already navigated away from is dropped even without abort (body.month guard) (87.5171ms)
✔ Case A — a stale successful response cannot end loading or write data/payables/closed while a newer request is still pending (78.0324ms)
✔ Case B — a stale failed response cannot surface its error or end loading while a newer request is still pending (84.4917ms)
✔ Case C — when the latest (non-stale) request itself fails, the error banner is set and loading ends normally (98.8424ms)
✔ deposit form formats the amount with commas and previews FIFO allocation of exactly the deposit (53.4939ms)
✔ deposit form blocks registration when eligible outstanding is short and hints before an amount is entered (74.4064ms)
✔ matched and auto_allocated deposits render as one date-ordered list without status badges; only exceptions are labelled (74.3314ms)
✔ auto deposit detail shows two cards, lists applied card sales with POS detail and cancels the deposit through the guarded endpoint (106.0006ms)
✔ legacy unmatched deposits stay reachable read-only with cancellation, and opening a row loads its lines (94.6736ms)
✔ deposit rows are date-left, amount-right, chevron-last inside a scroll container below the fixed title and totals (92.0245ms)
✔ card fee UI waits automatically and never exposes manual confirmation (209.4633ms)
✔ a confirmed month shows the fee breakdown and cancels through the guarded endpoint while open (168.3555ms)
✔ card fee section is translated and deposit rows still carry no fee (84.1873ms)
(node:18752) [MODULE_TYPELESS_PACKAGE_JSON] Warning: Module type of file:///C:/workspace/baba-membership/tests/ledger-historical-payable-modal.test.ts is not specified and it doesn't parse as CommonJS.
Reparsing as ES module because module syntax was detected. This incurs a performance overhead.
To eliminate this warning, add "type": "module" to C:\workspace\baba-membership\package.json.
(Use `node --trace-warnings ...` to show where the warning was created)
✔ past and current payable sheets share dated expandable items (1.0577ms)
✔ historical sheet keeps its month snapshot and exposes no payment controls (0.2444ms)
✔ historical header uses the existing partner category badge without an icon (0.645ms)
✔ historical hint uses a short single-line app-font style (0.185ms)
✔ historical dated rows include fully paid entries and only paid dates get the badge (7.0435ms)
✔ paid historical dates and expanded items hide zero amounts while other balances remain visible (0.2377ms)
✔ read-only rows use one full-width column while selectable rows keep the checkbox gutter (5.6764ms)
✔ read-only items remove the checkbox indent without changing selectable ellipsis (0.2292ms)
(node:25040) [MODULE_TYPELESS_PACKAGE_JSON] Warning: Module type of file:///C:/workspace/baba-membership/lib/ledger/manual-entry-policy.ts is not specified and it doesn't parse as CommonJS.
Reparsing as ES module because module syntax was detected. This incurs a performance overhead.
To eliminate this warning, add "type": "module" to C:\workspace\baba-membership\package.json.
(Use `node --trace-warnings ...` to show where the warning was created)
✔ inventory allowlist excludes internal and unrelated financial/payroll categories (1.1882ms)
✔ pending editor shows major categories and no automatic subcategories (40.7841ms)
✔ pending editor preserves only the currently stored internal category (6.0542ms)
✔ confirmed editor shows major categories and no automatic subcategories (3.2617ms)
✔ confirmed editor preserves only the currently stored internal category (3.8867ms)
(node:12396) [MODULE_TYPELESS_PACKAGE_JSON] Warning: Module type of file:///C:/workspace/baba-membership/tests/ledger-month-close-card-snapshot.test.ts is not specified and it doesn't parse as CommonJS.
Reparsing as ES module because module syntax was detected. This incurs a performance overhead.
To eliminate this warning, add "type": "module" to C:\workspace\baba-membership\package.json.
(Use `node --trace-warnings ...` to show where the warning was created)
✔ August deposit confirmed in September is included in the August matched snapshot (1.1517ms)
✔ September deposit allocation is excluded from August and included in September (0.1824ms)
✔ cancelled reconciliation and its allocation remain excluded (0.1269ms)
✔ auto_allocated deposits settle principal without counting as unmatched or as a confirmed fee (0.1441ms)
(node:5436) [MODULE_TYPELESS_PACKAGE_JSON] Warning: Module type of file:///C:/workspace/baba-membership/tests/ledger-month-close-corrections.test.ts is not specified and it doesn't parse as CommonJS.
Reparsing as ES module because module syntax was detected. This incurs a performance overhead.
To eliminate this warning, add "type": "module" to C:\workspace\baba-membership\package.json.
(Use `node --trace-warnings ...` to show where the warning was created)
✔ phase 8 adds immutable month closure with RLS and service-role-only access (0.9632ms)
✔ preflight blocks current/future, candidates, payroll, recurring and integrity failures (0.1419ms)
✔ close is atomic, month-locked, stale-safe and stores snapshots with hash (0.0927ms)
✔ as-of snapshot uses target cutoffs for funds, payables, card and reserves (0.112ms)
✔ closed month writes are DB-enforced for transactions, movements, candidates and reserve entries (0.1162ms)
✔ source drift preserves original and deduplicates by fingerprint (0.1068ms)
✔ correction uses positive amount plus economic sign and never edits original (0.1269ms)
✔ P&L and BEP apply correction sign without changing normal +1 rows (0.0758ms)
✔ month-close and correction APIs reuse owner/master server authorization (0.1681ms)
✔ phase8 coverage: current and future month close are rejected (0.1181ms)
✔ phase8 coverage: stale preflight is rejected (0.0789ms)
✔ phase8 coverage: pending inventory and meal are blockers (0.0858ms)
✔ phase8 coverage: payroll and recurring readiness are blockers (0.073ms)
✔ phase8 coverage: payable and reserve remain warnings while incomplete real card deposits are now blockers (0.1415ms)
✔ phase8 coverage: fund payable card reserve snapshots are as-of (0.0989ms)
✔ phase8 coverage: manual and candidate writes are closed-month guarded (0.0513ms)
✔ phase8 coverage: payable and card writes are closed-month guarded (0.0919ms)
✔ phase8 coverage: closed source sync creates drift without overwrite (0.1167ms)
✔ phase8 coverage: correction supports income and expense increase decrease (0.0798ms)
✔ phase8 coverage: fund correction and same-operation economic correction (0.0545ms)
✔ phase8 coverage: same drift cannot resolve twice (0.0755ms)
✔ phase8 coverage: original closed transaction is never mutated (0.0938ms)
✔ phase8 security: closed sync and drift RPCs revalidate the actor (0.111ms)
✔ phase8 as-of: card matching follows deposit date rather than confirmation timestamp (0.0763ms)
✔ card cancellation extension excludes cancelled deposits and allocations from close (0.0578ms)
✔ phase8 idempotency: a resolved fingerprint drift cannot be recreated (0.0463ms)
✔ phase8 locking: correction locks drift candidate before original and validates their link (0.0931ms)
(node:10980) [MODULE_TYPELESS_PACKAGE_JSON] Warning: Module type of file:///C:/workspace/baba-membership/lib/ledger/card-difference-attribution.ts is not specified and it doesn't parse as CommonJS.
Reparsing as ES module because module syntax was detected. This incurs a performance overhead.
To eliminate this warning, add "type": "module" to C:\workspace\baba-membership\package.json.
(Use `node --trace-warnings ...` to show where the warning was created)
✔ snapshot pages payables and candidates beyond the Supabase 1000-row cap (127.5581ms)
✔ verification purchase affects expense but not cash or ordinary payable subtotal (21.3526ms)
✔ month-close snapshot includes all 1000 transactions (21.2761ms)
✔ month-close snapshot includes all 1001 transactions (16.7456ms)
✔ month-close snapshot includes all 1013 transactions (19.6185ms)
(node:19320) [MODULE_TYPELESS_PACKAGE_JSON] Warning: Module type of file:///C:/workspace/baba-membership/lib/ledger/month-close-revenue.ts is not specified and it doesn't parse as CommonJS.
Reparsing as ES module because module syntax was detected. This incurs a performance overhead.
To eliminate this warning, add "type": "module" to C:\workspace\baba-membership\package.json.
(Use `node --trace-warnings ...` to show where the warning was created)
✔ August close applies sale-month card attribution to expense and operating profit (8.521ms)
✔ August close includes confirmed sales corrections without altering POS payment buckets (0.1403ms)
✔ card difference follows sale month across July/August and August/September deposits (0.1878ms)
✔ a 0.001 remainder is allocated deterministically to the earliest month (0.5778ms)
✔ month-close excludes inactive recurring plans and retains card fund snapshot path (0.539ms)
✔ opening the sheet gets fresh preflight, renders localized warnings, and sends its hash (41.6378ms)
✔ blockers prevent close; unknown codes have safe localized fallback (1.8783ms)
✔ payment verification blocker shows count and amount without a raw code (1.2599ms)
✔ stale preflight shows guidance and refreshes the sheet before another close (2.6276ms)
✔ initial close keeps its own title and shares the completion label (2.4855ms)
✔ Vietnamese reserve warning names the rent reserve (2.1366ms)
✔ pending card fees display a warning and permit close without a fee-confirmation action (1.5155ms)
(node:9460) [MODULE_TYPELESS_PACKAGE_JSON] Warning: Module type of file:///C:/workspace/baba-membership/lib/ledger/post-close-card-fee.ts is not specified and it doesn't parse as CommonJS.
Reparsing as ES module because module syntax was detected. This incurs a performance overhead.
To eliminate this warning, add "type": "module" to C:\workspace\baba-membership\package.json.
(Use `node --trace-warnings ...` to show where the warning was created)
✔ migration keeps one closure row and adds revision, reopen metadata and two status values (0.7868ms)
✔ history archives the exact prior close and protects its shape and privileges (0.3325ms)
✔ reopen requires owner, reason and existing closed row, and blocks later closed months (0.1237ms)
✔ close and reopen share a month lock; reclose reuses the id and all safety checks (0.1801ms)
✔ owner profit capacity includes only active closed snapshots across reopen and reclose (0.3399ms)
✔ reopened months are open to existing guards and use live as-of ledger funds (0.1444ms)
✔ RPC security is restricted to service role and postgres (0.2464ms)
✔ GET exposes old snapshot only as previousClosure while reopened preflight is fresh (71.2566ms)
✔ GET closed and open retain their existing response shape with revision (23.5561ms)
✔ a reopened earlier month blocks a later close in GET and the authoritative RPC (16.0722ms)
✔ POST reopen requires reason and maps guarded RPC statuses (46.7758ms)
✔ POST close default keeps the existing preflight and close RPC contract (6.0585ms)
✔ ledger keeps reopen confirmation and close sheet protects the hash (0.159ms)
✔ ledger dashboard routes the selected month to entries and old page is removed (0.4232ms)
✔ automatic immediate partner receipt records expense and verification payable without cash movement (950.1084ms)
✔ A: same-supplier source correction retains verification payable without movement (583.8089ms)
✔ B: changing to another immediate supplier stays verification pending (601.3797ms)
✔ C: changing to a postpaid supplier creates ordinary payable without pending marker (606.6253ms)
✔ D: ordinary payable remains ordinary after same-supplier correction (859.179ms)
✔ E: existing immediate expense remains immediate with one outgoing replacement movement (774.8563ms)
✔ F: final immediate mode strips even an incoming pending marker before creating an outgoing movement (758.3189ms)
✔ unspecified regular partner stays pending until explicit immediate resolution (730.7086ms)
✔ unspecified regular partner stays pending until explicit payable resolution (763.7411ms)
✔ unspecified regular partner stays pending until explicit verification_pending resolution (732.3211ms)
(node:11744) [MODULE_TYPELESS_PACKAGE_JSON] Warning: Module type of file:///C:/workspace/baba-membership/lib/ledger/payables.ts is not specified and it doesn't parse as CommonJS.
Reparsing as ES module because module syntax was detected. This incurs a performance overhead.
To eliminate this warning, add "type": "module" to C:\workspace\baba-membership\package.json.
(Use `node --trace-warnings ...` to show where the warning was created)
✔ old /payables component file is gone; entries owns the 기타 verification group (0.8022ms)
✔ 기타 row reuses the party-row markup: type badge, name, 결제 미확인 badge, hint, amount, count and chevron (17.6489ms)
✔ Vietnamese row and sheet text (4.3494ms)
✔ date groups start collapsed: header "› 날짜 · 건수 · 금액" always visible, items hidden (2.076ms)
✔ an opened date shows compact rows: name · remaining · 개별 결제 (no status badge, no repeated info) (2.2849ms)
✔ tapping a date header toggles only that party+date key (4.5738ms)
✔ no party-wide payment: never the oldest-first mode or ordinary 선택 일자/부분 지급 UI (1.7383ms)
✔ 개별 결제 keeps the per-item form and single explicit allocation (3.7597ms)
✔ past months are read-only: items visible when opened, no 개별/일괄 결제 buttons (1.8855ms)
✔ sheet uses the shared full compact BarSheet style and is portaled out of the row list (0.1696ms)
✔ 기타 amount is shown as a warning (not confirmed outstanding) and the sheet says it is excluded from 월말 미납 (2.0332ms)
✔ groups by real partyId in first-appearance order with count and Σ remaining; items oldest → newest (0.2571ms)
✔ sheet renders one compact header per party followed by that party's dates (3.8117ms)
✔ party → date → items: date blocks ascending; date Σ = its items, party Σ = its dates (2.1354ms)
✔ 일괄 결제 only on dates with 2+ unresolved items, beside (not inside) the date toggle (4.6621ms)
✔ planVerificationDatePayment allocates exactly the date's unresolved payables in full (0.3149ms)
✔ 일괄 결제 form: fixed Σ remaining, allocation preview, account/date required, one payment via the existing API (4.5583ms)
✔ item row is one line: name ellipsis | amount nowrap | button nowrap, thin divider kept (0.7454ms)
✔ 일괄 결제 uses the blue primary modifier (white text, hover/active darker, disabled dimmed); 개별 결제 stays outline (4.0516ms)
✔ Case E: a still-unresolved item in a past month is shown read-only (current remaining, no buttons) (1.2157ms)
✔ after a reload the paid item disappears, its group shrinks, and an emptied group is removed (1.6025ms)
(node:30792) [MODULE_TYPELESS_PACKAGE_JSON] Warning: Module type of file:///C:/workspace/baba-membership/tests/ledger-payment-verification.test.ts is not specified and it doesn't parse as CommonJS.
Reparsing as ES module because module syntax was detected. This incurs a performance overhead.
To eliminate this warning, add "type": "module" to C:\workspace\baba-membership\package.json.
(Use `node --trace-warnings ...` to show where the warning was created)
✔ receipt with no linked payment remains verification pending and separate from ordinary partner debt (0.8859ms)
✔ same-day confirmed payment clears verification; ordinary payable never appears twice (0.2395ms)
✔ next-month linked payment retains August expense and creates September outflow only (1.5477ms)
(node:8004) [MODULE_TYPELESS_PACKAGE_JSON] Warning: Module type of file:///C:/workspace/baba-membership/lib/ledger/manual-entry-policy.ts is not specified and it doesn't parse as CommonJS.
Reparsing as ES module because module syntax was detected. This incurs a performance overhead.
To eliminate this warning, add "type": "module" to C:\workspace\baba-membership\package.json.
(Use `node --trace-warnings ...` to show where the warning was created)
✔ missing party + payable displays required selector and blocks blank save inline in both languages (70.3323ms)
✔ selected payable partner sends ledgerPartyId instead of business partner id (13.7461ms)
✔ missing party + verification_pending displays required selector and blocks blank save inline in both languages (47.3099ms)
✔ selected verification_pending partner sends ledgerPartyId instead of business partner id (10.0853ms)
✔ immediate needs no party selector and saves with null party (9.1584ms)
✔ linked source party bypasses selector and retains source party for every resolution (25.7687ms)
✔ PARTY_REQUIRED API response is translated rather than exposed to user (13.5432ms)
✔ editing another pending item starts with no partner override (2.2811ms)
✔ both actual editors use the same PartnerSelect with policy optgroup order, sorting, emoji and ordinary khác (27.747ms)
✔ ordinary khác selection uses business partner id and resolves its ledger party id (17.4888ms)
✔ candidate 1450 with a linked regular source party never shows selector or changes party on resolution change (24.238ms)
✔ inactive, stale and ledger-party IDs cannot be submitted as business partner selections (21.6104ms)
✔ actual candidate API receives translated ledgerPartyId for payable without DB access (21.4479ms)
✔ actual candidate API receives translated ledgerPartyId for verification_pending without DB access (6.1394ms)
✔ actual candidate API receives translated ledgerPartyId for immediate without DB access (5.7306ms)
✔ application has no system-party imports, marker checks or dedicated components (51.9373ms)
✔ unspecified partner opens editor without a selected resolution (1.657ms)
✔ empty resolution blocks save before partner checks or API and displays inline message (48.9353ms)
✔ unspecified linked partner accepts any explicit resolution through the normal candidate contract (24.6015ms)
(node:30104) [MODULE_TYPELESS_PACKAGE_JSON] Warning: Module type of file:///C:/workspace/baba-membership/tests/ledger-provisional-operating-profit.test.ts is not specified and it doesn't parse as CommonJS.
Reparsing as ES module because module syntax was detected. This incurs a performance overhead.
To eliminate this warning, add "type": "module" to C:\workspace\baba-membership\package.json.
(Use `node --trace-warnings ...` to show where the warning was created)
✔ current month uses the current Payroll summary minus meal allowance and the current settled card rate (1.1012ms)
✔ projectedSummary is never used for the provisional KPI (0.2305ms)
✔ meal allowance is removed so daily ledger meal expenses are not counted twice (0.1014ms)
✔ Payroll cost already booked by a completed batch is not added again (0.1039ms)
✔ existing ledger expenses (welfare, housing, trips) are kept, never replaced (0.169ms)
✔ card fee falls back to the previous month's confirmed rate when the current rate is missing (0.1085ms)
✔ no trustworthy rate gives a zero fee estimate marked unavailable, never a hard-coded rate (0.1984ms)
✔ rate guards reject non-positive settled gross, negative, NaN, Infinity and implausible rates (0.1149ms)
✔ fee estimate applies only to gross not yet matched, so booked fees are not added twice (0.1159ms)
✔ past or closed months keep the ledger operating profit without estimates (0.1255ms)
✔ a failed Payroll or card source marks the provisional profit as needs-check instead of assuming 0 (0.1365ms)
✔ dashboard loads Payroll/card sources only for the current month, in parallel, without failing the base report (0.1864ms)
✔ KPI and P&L card switch between provisional (current) and final (past) labels (0.2309ms)
✔ main P&L card is removed and its rows live in the operating-profit detail sheet (0.6891ms)
✔ detail sheet renders the same provisional result as the KPI, with fail-safe fallbacks (0.3104ms)
✔ card fees do not leave gross unsettled when the full sale gross is allocated (67.3502ms)
✔ cancelled reconciliation allocations are excluded (7.6617ms)
✔ August month-end unsettled gross does not retroactively include a September deposit (5.7757ms)
✔ other months, non-card sources and unconfirmed sales do not reduce August card gross (7.3262ms)
✔ unsettled gross is floored at zero (5.3287ms)
✔ an overallocated sale cannot consume another sale's outstanding gross (6.1359ms)
✔ allocation totals include pages beyond the default 1000-row limit (10.8155ms)
✔ allocation read failure fails the summary instead of silently overstating unsettled gross (6.5935ms)
ℹ tests 387
ℹ suites 0
ℹ pass 387
ℹ fail 0
ℹ cancelled 0
ℹ skipped 0
ℹ todo 0
ℹ duration_ms 23074.6831
