(node:22920) [MODULE_TYPELESS_PACKAGE_JSON] Warning: Module type of file:///C:/workspace/baba-membership/lib/ledger/pos-sales-source.ts is not specified and it doesn't parse as CommonJS.
Reparsing as ES module because module syntax was detected. This incurs a performance overhead.
To eliminate this warning, add "type": "module" to C:\workspace\baba-membership\package.json.
(Use `node --trace-warnings ...` to show where the warning was created)
✔ auto deposit atomically writes transaction, movements, auto_allocated reconciliation, FIFO lines and audit into the corporate bank (1485.2901ms)
✔ partial single-sale allocation leaves the remaining principal outstanding, not a fee (706.3841ms)
✔ FIFO counts legacy partial lines, excludes sales after the deposit date and cancelled allocations (852.8125ms)
✔ guards: actor, amount, closed month, corporate bank resolution and card clearing balance (921.6905ms)
✔ a mid-transaction failure rolls back every write (912.7299ms)
✔ sequential deposits cannot overrun a sale and the RPC serializes on the shared card locks (832.0952ms)
✔ auto_allocated rows are immutable to manual matching and cannot carry a fee difference (736.1645ms)
✔ cancelling an auto deposit reverses both movements, releases its allocations and records audit (862.8722ms)
✔ the migration leaves existing historical reconciliations and legacy RPC contracts unchanged (922.6413ms)
(node:30308) [MODULE_TYPELESS_PACKAGE_JSON] Warning: Module type of file:///C:/workspace/baba-membership/lib/ledger/month-close-operating.ts is not specified and it doesn't parse as CommonJS.
Reparsing as ES module because module syntax was detected. This incurs a performance overhead.
To eliminate this warning, add "type": "module" to C:\workspace\baba-membership\package.json.
(Use `node --trace-warnings ...` to show where the warning was created)
✔ closed prior month automatically finalizes 2.15% fee and keeps movement in finalization month (1580.5512ms)
✔ upper normal range (770.6785ms)
✔ lower normal range (968.5082ms)
✔ insufficient deposits (949.3631ms)
✔ overshoot splits prior-month payment, target fee and current sales with exact total and frozen close snapshot (919.7507ms)
✔ multiple closed months finalize oldest first then allocate the same deposit to the running month (1003.3591ms)
✔ review and insufficient next-month capacity leave deposits, fee closures, movements and audits untouched (1771.5559ms)
✔ preflight fee pending is a warning, real corruption is a blocker, and real close/reopen policies still work (938.7798ms)
✔ no running-month auto fee, confirmed fee is never duplicated, deposit cancellation restores only its principal (956.2427ms)
✔ fee guard capability cannot be forged, ordinary historical writes remain blocked and audit failure is atomic (806.9325ms)
✔ September fees confirmed by October deposits affect only September P&L without duplicate current-month expense (833.8036ms)
✔ legacy unallocated deposits and negative clearing remain genuine close blockers (804.2044ms)
✔ cancelled manual fee history is preserved when a later closed-month automatic fee is created (953.0414ms)
✔ closed automatic fee cancellation appends a current-day reversal and restores only clearing with immutable history (959.8212ms)
✔ closed legacy fee cancellation stays blocked; automatic cancellation requires actor reason and an open actual month (981.2652ms)
✔ automatic cancellation audit failure rolls back reversal movement closure state and capability (845.1821ms)
✔ October unmatched deposit does not block September close while September unmatched still does (849.673ms)
(node:20052) [MODULE_TYPELESS_PACKAGE_JSON] Warning: Module type of file:///C:/workspace/baba-membership/lib/ledger/card-fee-policy.ts is not specified and it doesn't parse as CommonJS.
Reparsing as ES module because module syntax was detected. This incurs a performance overhead.
To eliminate this warning, add "type": "module" to C:\workspace\baba-membership\package.json.
(Use `node --trace-warnings ...` to show where the warning was created)
✔ preview fee 2150000 for remaining 5000000, deposit 2850000 (8.2073ms)
✔ preview fee 2400000 for remaining 5000000, deposit 2600000 (0.1705ms)
✔ preview fee 0 for remaining 5000000, deposit 1500000 (0.0845ms)
✔ preview fee 2150000 for remaining 3000000, deposit 4000000 (0.0907ms)
✔ preview fee 2400000 for remaining 2400000, deposit 1000000 (0.1065ms)
✔ preview current month, review, rounding and capacity use exact deposit invariant (0.198ms)
✔ SQL and shared preview policy rates are identical (0.3561ms)
✔ actual auto fee date consumes operational gross without rewriting previous month-end gross (0.2821ms)
✔ expected fee finalization is excluded from snapshot drift, but real holdings drift is retained (0.3262ms)
✔ historical fee-pending P&L remains provisional and becomes final after recognition (0.2539ms)
(node:33072) [MODULE_TYPELESS_PACKAGE_JSON] Warning: Module type of file:///C:/workspace/baba-membership/lib/ledger/pos-sales-source.ts is not specified and it doesn't parse as CommonJS.
Reparsing as ES module because module syntax was detected. This incurs a performance overhead.
To eliminate this warning, add "type": "module" to C:\workspace\baba-membership\package.json.
(Use `node --trace-warnings ...` to show where the warning was created)
✔ unmatched, partial, and matched cancellation append exact reversals while retaining history (1480.7854ms)
✔ closed deposit month blocks create, match, and cancel before any reversal (704.3307ms)
✔ preflight blocks incomplete real deposits and excludes cancelled allocation lines (801.9617ms)
✔ future POS sales fail partial and confirm atomically while same-day and older sales remain eligible (935.1093ms)
(node:31000) [MODULE_TYPELESS_PACKAGE_JSON] Warning: Module type of file:///C:/workspace/baba-membership/lib/ledger/pos-sales-source.ts is not specified and it doesn't parse as CommonJS.
Reparsing as ES module because module syntax was detected. This incurs a performance overhead.
To eliminate this warning, add "type": "module" to C:\workspace\baba-membership\package.json.
(Use `node --trace-warnings ...` to show where the warning was created)
✔ confirming a month books its remaining card gross once as fee, consumes it FIFO and reaches card clearing only (1066.958ms)
✔ a fully deposited month confirms a zero fee with no transaction, movement or line (630.7086ms)
✔ confirmation guards: actor, month shape, current/future/closed months, duplicates, legacy deposits, earlier months, no sales, clearing balance (642.5934ms)
✔ closed earlier months never block, and card clearing must cover the fee (698.3988ms)
✔ a mid-transaction failure rolls back the whole confirmation (865.3099ms)
✔ fee allocation consumes only the target month, oldest first, and totals the fee (853.2179ms)
✔ cancelling a fee reverses the expense, restores card clearing and outstanding, and keeps history (917.2942ms)
✔ month-close preflight requires a confirmed fee for months with card sales and hashes fee state (953.2737ms)
✔ POS card sales cannot shrink below consumption or change inside a fee-confirmed month (846.3204ms)
✔ the migration leaves existing card data unchanged and creates no closures (862.9084ms)
✔ card fee preflight patch keeps payment-verification blockers and warnings alongside CARD_FEE_NOT_CONFIRMED (876.9976ms)
✔ the patched preflight keeps every earlier blocker/warning contract and refuses a stale baseline (1635.9051ms)
(node:29996) [MODULE_TYPELESS_PACKAGE_JSON] Warning: Module type of file:///C:/workspace/baba-membership/lib/ledger/card-settlements.ts is not specified and it doesn't parse as CommonJS.
Reparsing as ES module because module syntax was detected. This incurs a performance overhead.
To eliminate this warning, add "type": "module" to C:\workspace\baba-membership\package.json.
(Use `node --trace-warnings ...` to show where the warning was created)
✔ outstanding counts next-month deposits and historical matched lines; the matched fee stays separate (2.8826ms)
✔ active fee lines remove outstanding and define the final fee; cancelled closures do not (0.4481ms)
✔ month state blockers mirror the confirm RPC order (0.5624ms)
✔ operating summary counts historical attributed fee 200 plus month-end fee 300 exactly once (0.6066ms)
✔ month-end card snapshot settles fee lines in their fee month only (0.2701ms)
✔ card fee POST sends only month and memo to the confirm RPC and maps its statuses (156.8669ms)
✔ card fee cancel requires a reason and forwards only the canonical RPC arguments (41.8104ms)
✔ closed post-close automatic closure exposes cancellation while closed legacy closure remains read-only (0.2821ms)
[LEDGER_CARD_SETTLEMENTS_GET_FAILED] { code: 'LOCAL_READ_FAILURE' }
✔ GET orders card deposits by date ascending and id ascending within a day, including cancelled history (125.93ms)
✔ GET pins monthly settled and outstanding to deposit date while keeping operational sales current (38.1325ms)
✔ GET keeps sale-month gross separate from deposit-month summary and returns oldest outstanding candidates across months (35.5151ms)
✔ GET with no reconciliation leaves full monthly and total gross outstanding (26.6762ms)
✔ GET attributes a mixed-month matched difference by sale gross without changing deposit-month metrics (26.5139ms)
✔ GET pages sales, reconciliation lines and clearing movements beyond 1000 rows (34.2412ms)
✔ GET authorization, invalid month and failed reads do not silently return financial totals (61.8374ms)
✔ create calls only the atomic auto-allocation RPC while the legacy match route keeps its RPC contract without direct writes (37.6775ms)
✔ create accepts only depositAt/amount/memo and maps RPC rejections to explicit statuses (105.7477ms)
✔ GET treats auto_allocated deposits as settled principal but never as unmatched deposits or confirmed fees (14.4497ms)
✔ create rejects a client-supplied destinationAccountId before any account lookup or RPC (17.5464ms)
✔ create returns CORPORATE_BANK_ACCOUNT_MISSING when no active baba_corporate_bank account exists (30.9988ms)
✔ future card sale is a 409 and preserves the RPC date context (18.9435ms)
✔ cancel requires a reason, rejects extra keys, and forwards only the canonical RPC arguments (17.9307ms)
✔ cancel enforces owner/master gate and maps RPC states without direct table writes (125.3907ms)
✔ GET subtracts active month-end fee allocations from outstanding and ignores cancelled fee closures (36.3039ms)
(node:17416) [MODULE_TYPELESS_PACKAGE_JSON] Warning: Module type of file:///C:/workspace/baba-membership/tests/ledger-card-settlements.test.ts is not specified and it doesn't parse as CommonJS.
Reparsing as ES module because module syntax was detected. This incurs a performance overhead.
To eliminate this warning, add "type": "module" to C:\workspace\baba-membership\package.json.
(Use `node --trace-warnings ...` to show where the warning was created)
✔ card deposit registration RPC is only the atomic auto-allocation RPC (1.3357ms)
✔ deposit subtracts card pending (0.2167ms)
✔ deposit adds destination bank (0.2403ms)
✔ card deposit is not income (0.1233ms)
✔ new deposit is unmatched (0.0955ms)
✔ partial status is supported (0.0906ms)
✔ matched status is supported (0.0654ms)
✔ one deposit supports several sales (0.0965ms)
✔ one sale supports several deposits (0.1464ms)
✔ gross overallocation is rejected (0.1982ms)
✔ allocations are keyed by reconciliation and sale (0.1084ms)
✔ gross below deposit cannot complete (0.0697ms)
✔ five million less 4.91 million is 90 thousand (0.097ms)
✔ difference expense is created (0.1133ms)
✔ difference additionally subtracts pending (0.0751ms)
✔ difference has one unique source key (0.0874ms)
✔ expected fee is neither a card UI input nor persisted (0.1832ms)
✔ rate uses completed reconciliation only (0.3419ms)
✔ unmatched and partial do not enter rate (0.1806ms)
✔ card sales lock in id order (0.0703ms)
✔ matching is one atomic RPC (0.0479ms)
✔ pending balance is validated (0.8694ms)
✔ POS card transaction is read only (0.2246ms)
✔ POS source is never mutated (0.1128ms)
✔ all endpoints use owner master server gate (0.1016ms)
✔ POS parity remains (0.0624ms)
✔ Inventory regression remains (0.0476ms)
✔ Payable regression remains (0.043ms)
✔ Meal Payroll regression remains (0.0495ms)
✔ Foundation balance and profit regression remains (0.0395ms)
✔ card clearing mapping remains (0.0373ms)
✔ new tables enable RLS and deny browser CRUD (0.0842ms)
✔ RPC execution is service role only (0.0998ms)
✔ audit preserves deposit and settlement facts (0.1012ms)
✔ cancellation metadata preserves confirmed facts and requires a nonblank reason (0.2011ms)
✔ cancel RPC is service-role-only, security definer, and reason-gated (0.1983ms)
✔ cancel is append-only, reverses deposit and optional difference, and preserves lines (0.2076ms)
✔ cancellation validates originals and is row-locked and idempotent (0.1456ms)
✔ create match and cancel share month-close then clearing lock order (0.17ms)
✔ preflight blocks incomplete deposits and ignores cancelled allocation history (0.211ms)
✔ list and detail APIs retain cancelled rows and expose cancellation audit metadata (0.2167ms)
✔ future sale guard runs after POS validation and before overallocation or writes (0.207ms)
✔ future sale migration preserves locking and privileged function contract (0.2035ms)
✔ month-end card status excludes later deposits while current matching and sale-month difference keep their own rules (0.5925ms)
✔ month-end card status excludes cancelled and future partial allocations but retains in-month partial allocation policy (0.0979ms)
✔ August reference gross keeps sale-month outstanding distinct from August deposit totals (0.6263ms)
✔ A: no allocation leaves all monthly card gross unreconciled (0.0839ms)
✔ B and C: later deposit allocates gross, not net deposit, against originating month (0.1237ms)
✔ D: cancelled reconciliation never allocates gross (0.0703ms)
✔ E: partial allocation reduces outstanding by exactly its gross (0.0568ms)
✔ sale-month completed gross excludes partial saves while connected gross includes them (0.0649ms)
✔ settlement rate uses matched sale gross and handles zero card sales (0.0689ms)
✔ one matched reconciliation attributes difference to two sale months by gross share (0.0796ms)
✔ partial, cancelled and zero-gross reconciliations never contribute attributed difference (0.0963ms)
✔ August reference fixture keeps gross and settlement difference at three decimals (0.0887ms)
✔ F: allocations of other months never enter selected sale month (0.0594ms)
✔ gross is floored per sale, so overallocated rows never mask other outstanding (0.0521ms)
✔ multiple allocations maintain three decimal places (0.0681ms)
✔ deposit summary scopes unmatched and completed metrics by deposit date, excludes cancelled (0.1129ms)
✔ recommendation reaches fee-adjusted gross and partially allocates the final oldest sale (6.3687ms)
✔ recommendation respects capacities, zero fee, rounding and invalid rates (0.2933ms)
✔ deposit eligibility excludes only future sales without mutating or reordering input (0.1395ms)
✔ editing partial matches restores own allocation capacity including exhausted candidates (0.2361ms)
✔ monthly report keeps accounting income; card settlements stay reachable from ledger entries (0.888ms)
✔ UI keeps POS detail and guarded cancellation controls without manual allocation (0.2068ms)
✔ card views label month-end settlement separately from current matching and sale-month fees (0.4905ms)
✔ auto allocation partially settles the oldest sale by exactly the deposit amount (0.312ms)
✔ auto allocation fully settles one sale and continues across dates in order (0.1161ms)
✔ auto allocation uses remaining partial outstanding, id order within a date, and skips settled or future sales (0.1216ms)
✔ auto allocation refuses amounts beyond eligible outstanding or without eligible sales, and invalid amounts (0.1454ms)
✔ auto allocation sums exactly in thousandths (0.1022ms)
✔ settled statuses are matched and auto_allocated only (0.0512ms)
✔ auto-allocation migration never books a fee and leaves existing rows untouched (1.239ms)
(node:4632) [MODULE_TYPELESS_PACKAGE_JSON] Warning: Module type of file:///C:/workspace/baba-membership/lib/ledger/card-settlements.ts is not specified and it doesn't parse as CommonJS.
Reparsing as ES module because module syntax was detected. This incurs a performance overhead.
To eliminate this warning, add "type": "module" to C:\workspace\baba-membership\package.json.
(Use `node --trace-warnings ...` to show where the warning was created)
✔ closed month shows a compact reopen entry point and keeps ledger writes disabled (393.6477ms)
✔ reopen confirmation posts reason, reloads all selected-month data and unlocks writes (193.8352ms)
✔ open past month keeps its close action; opening amounts inherit the app font (73.2412ms)
✔ current business month hides the whole close banner; a past open month can close (296.1929ms)
✔ the existing Vietnam business date keeps September current until the 03:00 cutoff (153.6433ms)
✔ reclose success closes the sheet, reloads the ledger and shows the new revision (141.6819ms)
✔ entries month loading actually sends selected month to payables API (140.6057ms)
✔ August and September render different closing with month-only payments and preserved accounting totals (142.8105ms)
✔ historical drilldown renders month-end sources with no current payment controls or current detail read (76.6058ms)
✔ a drilldown selected in another month cannot expose payment controls after month navigation (65.2655ms)
✔ current-month operational detail retains its payment form (74.7579ms)
✔ zero reconciliations retain compact collapsed sales and entry button without displaying a deposit form (25.1351ms)
✔ payable accordion keeps its closing total visible but puts all four monthly cards inside expansion (352.8304ms)
✔ deposit history summary shows actual deposits and current unsettled card sales, never difference or average fee (45.1608ms)
✔ ledger card detail link preserves the month and card page has only a centered title (203.5582ms)
✔ card page reads the URL month, navigates by month controls and falls back on invalid input (51.7321ms)
✔ card page follows browser URL history and hides another month’s old response (41.5169ms)
✔ card status accordion shows four API metrics and a detail link without internal accounting labels (211.0093ms)
✔ August reference summary keeps month-end outstanding distinct from sale-month settlement difference (74.622ms)
✔ zero card sales show a dash in the settlement-rate header (113.6663ms)
✔ expanded card status reads the selected month and collapsed status does not request extra data (304.4839ms)
✔ opening account cards render readable cash, corporate and personal emojis while preserving clearing exclusion (107.8277ms)
✔ September opening card displays the four carried-forward business fund balances (117.6246ms)
✔ deposit registration uses the centered form modal and keeps its submit and close contracts (39.9532ms)
✔ completed deposit rows label their date as the deposit date in both languages (86.2954ms)
✔ completed deposit row opens read-only details and cannot expose matching controls (81.2043ms)
✔ historical matched detail shows only actual deposit and the stored gross applied to sales (40.7062ms)
✔ matched cancellation uses reason confirmation and posts the guarded endpoint (98.3148ms)
✔ cancelled reconciliation remains visible with audit detail and no link or cancel action (79.5473ms)
✔ sheet submit preserves card deposit POST fields and closes only after local successful response (70.5265ms)
✔ card settlement renders Vietnamese throughout its main view and deposit form (213.6626ms)
✔ a previous month's ledger/payables payload never paints under the newly selected month — the loading placeholder shows instead (115.0099ms)
✔ once the new month's data arrives (data.month matches the selected month again) the content renders normally (121.2611ms)
✔ investment header shows signed monthly change in both states and languages while details retain cumulative totals (1147.3155ms)
✔ investment card sends the selected month to the investments API as part of the main load() (177.8324ms)
✔ investment card distinguishes "not configured" from "configured with zero period activity" (164.485ms)
✔ investment card never paints a stale month's numbers — it falls back to the loading hint until investments.month matches the selected month (95.952ms)
✔ an investments fetch failure for the current month shows its own error, never stale or empty-looking numbers (75.5222ms)
✔ investment events render short entry labels and amounts without account or reason details (103.9206ms)
✔ September recoveries show concise investor details in Korean and Vietnamese (217.3123ms)
✔ Vietnamese investment details retain short labels for opening, contribution and positive adjustment (106.3615ms)
✔ mobile investor chart gives the bars more room without changing desktop columns (0.6768ms)
✔ investment card shows a nonzero period opening and explains contribution as capital rather than profit (86.1661ms)
✔ investor bars show August new capital and September prior cumulative at the same length (178.1967ms)
✔ investor bars remain finite at zero and show a negative monthly adjustment (209.1615ms)
✔ September investor bars show closing capital after recovery in Korean and Vietnamese (164.2786ms)
✔ investor change labels use one decimal tr only when needed while exact amounts remain available (229.6316ms)
✔ investor segments use the shared opening-or-closing scale for increase, decrease and no change (359.8688ms)
✔ a load() call superseded by a newer one can never write state, even if its response resolves later (stale-response sequence guard) (121.4161ms)
✔ a card-settlement response for a month the user has already navigated away from is dropped even without abort (body.month guard) (106.4758ms)
✔ Case A — a stale successful response cannot end loading or write data/payables/closed while a newer request is still pending (100.3493ms)
✔ Case B — a stale failed response cannot surface its error or end loading while a newer request is still pending (116.8084ms)
✔ Case C — when the latest (non-stale) request itself fails, the error banner is set and loading ends normally (106.4263ms)
✔ deposit form formats the amount with commas and previews FIFO allocation of exactly the deposit (46.2436ms)
✔ deposit form blocks registration when eligible outstanding is short and hints before an amount is entered (95.951ms)
✔ matched and auto_allocated deposits render as one date-ordered list without status badges; only exceptions are labelled (86.8129ms)
✔ auto deposit detail shows two cards, lists applied card sales with POS detail and cancels the deposit through the guarded endpoint (152.1583ms)
✔ legacy unmatched deposits stay reachable read-only with cancellation, and opening a row loads its lines (89.0514ms)
✔ deposit rows are date-left, amount-right, chevron-last inside a scroll container below the fixed title and totals (93.455ms)
✔ card fee UI waits automatically and never exposes manual confirmation (178.9907ms)
✔ a confirmed month shows the fee breakdown and cancels through the guarded endpoint while open (154.3453ms)
✔ card fee section is translated and deposit rows still carry no fee (79.3521ms)
✔ closed automatic fee retains cancellation UI and posts the existing cancellation contract (93.9196ms)
(node:18340) [MODULE_TYPELESS_PACKAGE_JSON] Warning: Module type of file:///C:/workspace/baba-membership/tests/ledger-month-close-card-snapshot.test.ts is not specified and it doesn't parse as CommonJS.
Reparsing as ES module because module syntax was detected. This incurs a performance overhead.
To eliminate this warning, add "type": "module" to C:\workspace\baba-membership\package.json.
(Use `node --trace-warnings ...` to show where the warning was created)
✔ August deposit confirmed in September is included in the August matched snapshot (1.0527ms)
✔ September deposit allocation is excluded from August and included in September (0.1578ms)
✔ cancelled reconciliation and its allocation remain excluded (0.0984ms)
✔ auto_allocated deposits settle principal without counting as unmatched or as a confirmed fee (0.1151ms)
(node:30596) [MODULE_TYPELESS_PACKAGE_JSON] Warning: Module type of file:///C:/workspace/baba-membership/tests/ledger-month-close-corrections.test.ts is not specified and it doesn't parse as CommonJS.
Reparsing as ES module because module syntax was detected. This incurs a performance overhead.
To eliminate this warning, add "type": "module" to C:\workspace\baba-membership\package.json.
(Use `node --trace-warnings ...` to show where the warning was created)
✔ phase 8 adds immutable month closure with RLS and service-role-only access (0.9492ms)
✔ preflight blocks current/future, candidates, payroll, recurring and integrity failures (0.1873ms)
✔ close is atomic, month-locked, stale-safe and stores snapshots with hash (0.109ms)
✔ as-of snapshot uses target cutoffs for funds, payables, card and reserves (0.1382ms)
✔ closed month writes are DB-enforced for transactions, movements, candidates and reserve entries (0.0978ms)
✔ source drift preserves original and deduplicates by fingerprint (0.1455ms)
✔ correction uses positive amount plus economic sign and never edits original (0.1515ms)
✔ P&L and BEP apply correction sign without changing normal +1 rows (0.0836ms)
✔ month-close and correction APIs reuse owner/master server authorization (0.2059ms)
✔ phase8 coverage: current and future month close are rejected (0.1575ms)
✔ phase8 coverage: stale preflight is rejected (0.0931ms)
✔ phase8 coverage: pending inventory and meal are blockers (0.1892ms)
✔ phase8 coverage: payroll and recurring readiness are blockers (0.1194ms)
✔ phase8 coverage: payable and reserve remain warnings while incomplete real card deposits are now blockers (0.1712ms)
✔ phase8 coverage: fund payable card reserve snapshots are as-of (0.1239ms)
✔ phase8 coverage: manual and candidate writes are closed-month guarded (0.062ms)
✔ phase8 coverage: payable and card writes are closed-month guarded (0.0957ms)
✔ phase8 coverage: closed source sync creates drift without overwrite (0.1058ms)
✔ phase8 coverage: correction supports income and expense increase decrease (0.0852ms)
✔ phase8 coverage: fund correction and same-operation economic correction (0.0535ms)
✔ phase8 coverage: same drift cannot resolve twice (0.0708ms)
✔ phase8 coverage: original closed transaction is never mutated (0.1096ms)
✔ phase8 security: closed sync and drift RPCs revalidate the actor (0.1426ms)
✔ phase8 as-of: card matching follows deposit date rather than confirmation timestamp (0.0934ms)
✔ card cancellation extension excludes cancelled deposits and allocations from close (0.0747ms)
✔ phase8 idempotency: a resolved fingerprint drift cannot be recreated (0.0572ms)
✔ phase8 locking: correction locks drift candidate before original and validates their link (0.1066ms)
(node:7800) [MODULE_TYPELESS_PACKAGE_JSON] Warning: Module type of file:///C:/workspace/baba-membership/lib/ledger/card-difference-attribution.ts is not specified and it doesn't parse as CommonJS.
Reparsing as ES module because module syntax was detected. This incurs a performance overhead.
To eliminate this warning, add "type": "module" to C:\workspace\baba-membership\package.json.
(Use `node --trace-warnings ...` to show where the warning was created)
✔ snapshot pages payables and candidates beyond the Supabase 1000-row cap (127.7353ms)
✔ verification purchase affects expense but not cash or ordinary payable subtotal (22.9084ms)
✔ month-close snapshot includes all 1000 transactions (21.0545ms)
✔ month-close snapshot includes all 1001 transactions (18.0292ms)
✔ month-close snapshot includes all 1013 transactions (16.3257ms)
(node:11620) [MODULE_TYPELESS_PACKAGE_JSON] Warning: Module type of file:///C:/workspace/baba-membership/lib/ledger/month-close-revenue.ts is not specified and it doesn't parse as CommonJS.
Reparsing as ES module because module syntax was detected. This incurs a performance overhead.
To eliminate this warning, add "type": "module" to C:\workspace\baba-membership\package.json.
(Use `node --trace-warnings ...` to show where the warning was created)
✔ August close applies sale-month card attribution to expense and operating profit (8.6688ms)
✔ August close includes confirmed sales corrections without altering POS payment buckets (0.2078ms)
✔ card difference follows sale month across July/August and August/September deposits (0.3239ms)
✔ a 0.001 remainder is allocated deterministically to the earliest month (0.8851ms)
✔ month-close excludes inactive recurring plans and retains card fund snapshot path (0.7777ms)
✔ opening the sheet gets fresh preflight, renders localized warnings, and sends its hash (39.1813ms)
✔ blockers prevent close; unknown codes have safe localized fallback (2.2235ms)
✔ payment verification blocker shows count and amount without a raw code (1.7903ms)
✔ stale preflight shows guidance and refreshes the sheet before another close (3.2474ms)
✔ initial close keeps its own title and shares the completion label (2.2663ms)
✔ Vietnamese reserve warning names the rent reserve (1.3276ms)
✔ pending card fees display a warning and permit close without a fee-confirmation action (1.1212ms)
(node:8476) [MODULE_TYPELESS_PACKAGE_JSON] Warning: Module type of file:///C:/workspace/baba-membership/lib/ledger/post-close-card-fee.ts is not specified and it doesn't parse as CommonJS.
Reparsing as ES module because module syntax was detected. This incurs a performance overhead.
To eliminate this warning, add "type": "module" to C:\workspace\baba-membership\package.json.
(Use `node --trace-warnings ...` to show where the warning was created)
✔ migration keeps one closure row and adds revision, reopen metadata and two status values (0.7963ms)
✔ history archives the exact prior close and protects its shape and privileges (0.3283ms)
✔ reopen requires owner, reason and existing closed row, and blocks later closed months (0.1255ms)
✔ close and reopen share a month lock; reclose reuses the id and all safety checks (0.1806ms)
✔ owner profit capacity includes only active closed snapshots across reopen and reclose (0.35ms)
✔ reopened months are open to existing guards and use live as-of ledger funds (0.1599ms)
✔ RPC security is restricted to service role and postgres (0.2448ms)
✔ GET exposes old snapshot only as previousClosure while reopened preflight is fresh (71.4314ms)
✔ GET closed and open retain their existing response shape with revision (25.0971ms)
✔ a reopened earlier month blocks a later close in GET and the authoritative RPC (15.3592ms)
✔ POST reopen requires reason and maps guarded RPC statuses (51.6256ms)
✔ POST close default keeps the existing preflight and close RPC contract (7.2123ms)
✔ ledger keeps reopen confirmation and close sheet protects the hash (0.1803ms)
✔ ledger dashboard routes the selected month to entries and old page is removed (0.4373ms)
(node:4016) [MODULE_TYPELESS_PACKAGE_JSON] Warning: Module type of file:///C:/workspace/baba-membership/lib/ledger/card-difference-attribution.ts is not specified and it doesn't parse as CommonJS.
Reparsing as ES module because module syntax was detected. This incurs a performance overhead.
To eliminate this warning, add "type": "module" to C:\workspace\baba-membership\package.json.
(Use `node --trace-warnings ...` to show where the warning was created)
✔ real snapshot builder and closed GET preserve September holdings/hash, suppress expected fee drift, and recognize no October fee (158.8734ms)
✔ automatic fee cancellation has no net historical expense or error snapshot drift (35.7278ms)
(node:22276) [MODULE_TYPELESS_PACKAGE_JSON] Warning: Module type of file:///C:/workspace/baba-membership/tests/ledger-provisional-operating-profit.test.ts is not specified and it doesn't parse as CommonJS.
Reparsing as ES module because module syntax was detected. This incurs a performance overhead.
To eliminate this warning, add "type": "module" to C:\workspace\baba-membership\package.json.
(Use `node --trace-warnings ...` to show where the warning was created)
✔ current month uses the current Payroll summary minus meal allowance and the current settled card rate (1.1773ms)
✔ projectedSummary is never used for the provisional KPI (0.3612ms)
✔ meal allowance is removed so daily ledger meal expenses are not counted twice (0.1654ms)
✔ Payroll cost already booked by a completed batch is not added again (0.1693ms)
✔ existing ledger expenses (welfare, housing, trips) are kept, never replaced (0.2576ms)
✔ card fee falls back to the previous month's confirmed rate when the current rate is missing (0.1221ms)
✔ no trustworthy rate gives a zero fee estimate marked unavailable, never a hard-coded rate (0.2106ms)
✔ rate guards reject non-positive settled gross, negative, NaN, Infinity and implausible rates (0.1203ms)
✔ fee estimate applies only to gross not yet matched, so booked fees are not added twice (0.1264ms)
✔ past or closed months keep the ledger operating profit without estimates (0.129ms)
✔ a failed Payroll or card source marks the provisional profit as needs-check instead of assuming 0 (0.1341ms)
✔ dashboard loads Payroll/card sources only for the current month, in parallel, without failing the base report (0.207ms)
✔ KPI and P&L card switch between provisional (current) and final (past) labels (0.2394ms)
✔ main P&L card is removed and its rows live in the operating-profit detail sheet (0.6405ms)
✔ detail sheet renders the same provisional result as the KPI, with fail-safe fallbacks (0.3067ms)
✔ card fees do not leave gross unsettled when the full sale gross is allocated (69.0318ms)
✔ cancelled reconciliation allocations are excluded (8.0691ms)
✔ August month-end unsettled gross does not retroactively include a September deposit (6.6377ms)
✔ other months, non-card sources and unconfirmed sales do not reduce August card gross (8.0987ms)
✔ unsettled gross is floored at zero (6.7734ms)
✔ an overallocated sale cannot consume another sale's outstanding gross (7.0012ms)
✔ allocation totals include pages beyond the default 1000-row limit (9.6209ms)
✔ allocation read failure fails the summary instead of silently overstating unsettled gross (5.6384ms)
ℹ tests 299
ℹ suites 0
ℹ pass 299
ℹ fail 0
ℹ cancelled 0
ℹ skipped 0
ℹ todo 0
ℹ duration_ms 19966.6542
