0 verbose cli C:\Program Files\nodejs\node.exe C:\Program Files\nodejs\node_modules\npm\bin\npm-cli.js
1 info using npm@11.12.1
2 info using node@v24.15.0
3 silly config load:file:C:\Program Files\nodejs\node_modules\npm\npmrc
4 silly config load:file:C:\workspace\baba-membership\.npmrc
5 silly config load:file:C:\Users\한근형\.npmrc
6 silly config load:file:C:\Users\한근형\AppData\Roaming\npm\etc\npmrc
7 verbose title npm pack @embedded-postgres/windows-x64@17.6.0-beta.15
8 verbose argv "--cache" "C:/workspace/baba-membership/.cache/npm" "pack" "@embedded-postgres/windows-x64@17.6.0-beta.15" "--pack-destination" ".cache/pos-close-pg" "--ignore-scripts" "--loglevel" "silent"
9 verbose logfile logs-max:10 dir:C:\workspace\baba-membership\.cache\npm\_logs\2026-09-12T10_19_51_029Z-
10 verbose logfile C:\workspace\baba-membership\.cache\npm\_logs\2026-09-12T10_19_51_029Z-debug-0.log
11 silly logfile done cleaning log files
12 http fetch GET 200 https://registry.npmjs.org/@embedded-postgres%2fwindows-x64 785ms (cache miss)
13 http fetch GET 200 https://registry.npmjs.org/@embedded-postgres%2fwindows-x64 354ms (cache revalidated)
14 http fetch GET 200 https://registry.npmjs.org/@embedded-postgres/windows-x64/-/windows-x64-17.6.0-beta.15.tgz 1228ms (cache miss)
15 notice
16 notice 📦  @embedded-postgres/windows-x64@17.6.0-beta.15
17 notice Tarball Contents
18 notice 1.1kB LICENSE.md
18 notice 2.5kB README.md
18 notice 113B dist/index.d.ts
18 notice 382B dist/index.js
18 notice 28.4MB native/bin/icudt67.dll
18 notice 2.7MB native/bin/icuin67.dll
18 notice 61.4kB native/bin/icuio67.dll
18 notice 220.7kB native/bin/icutu67.dll
18 notice 1.9MB native/bin/icuuc67.dll
18 notice 241.2kB native/bin/initdb.exe
18 notice 4.7MB native/bin/libcrypto-3-x64.dll
18 notice 649.2kB native/bin/libcurl.dll
18 notice 25.1kB native/bin/libecpg_compat.dll
18 notice 101.4kB native/bin/libecpg.dll
18 notice 1.9MB native/bin/libiconv-2.dll
18 notice 475.8kB native/bin/libintl-9.dll
18 notice 128.0kB native/bin/liblz4.dll
18 notice 85.0kB native/bin/libpgtypes.dll
18 notice 349.2kB native/bin/libpq.dll
18 notice 779.8kB native/bin/libssl-3-x64.dll
18 notice 52.7kB native/bin/libwinpthread-1.dll
18 notice 1.3MB native/bin/libxml2.dll
18 notice 413.7kB native/bin/libxslt.dll
18 notice 727.6kB native/bin/libzstd.dll
18 notice 129.0kB native/bin/pg_ctl.exe
18 notice 9.9MB native/bin/postgres.exe
18 notice 10.8kB native/bin/testplug.dll
18 notice 257.5kB native/bin/wxbase328u_net_vc_x64_custom.dll
18 notice 3.0MB native/bin/wxbase328u_vc_x64_custom.dll
18 notice 193.0kB native/bin/wxbase328u_xml_vc_x64_custom.dll
18 notice 11.3kB native/bin/wxmsw328u_adv_vc_x64_custom.dll
18 notice 594.9kB native/bin/wxmsw328u_aui_vc_x64_custom.dll
18 notice 8.3MB native/bin/wxmsw328u_core_vc_x64_custom.dll
18 notice 708.1kB native/bin/wxmsw328u_html_vc_x64_custom.dll
18 notice 886.8kB native/bin/wxmsw328u_xrc_vc_x64_custom.dll
18 notice 91.1kB native/bin/zlib1.dll
18 notice 55.8kB native/lib/_int.dll
18 notice 67.6kB native/lib/amcheck.dll
18 notice 14.3kB native/lib/auth_delay.dll
18 notice 21.0kB native/lib/auto_explain.dll
18 notice 16.4kB native/lib/autoinc.dll
18 notice 18.9kB native/lib/basebackup_to_shell.dll
18 notice 19.5kB native/lib/basic_archive.dll
18 notice 31.2kB native/lib/bloom.dll
18 notice 15.9kB native/lib/bool_plperl.dll
18 notice 29.2kB native/lib/btree_gin.dll
18 notice 75.8kB native/lib/btree_gist.dll
18 notice 20.0kB native/lib/citext.dll
18 notice 57.3kB native/lib/cube.dll
18 notice 20.5kB native/lib/cyrillic_and_mic.dll
18 notice 51.7kB native/lib/dblink.dll
18 notice 15.4kB native/lib/dict_int.dll
18 notice 649.2kB native/lib/dict_snowball.dll
18 notice 17.9kB native/lib/dict_xsyn.dll
18 notice 14.8kB native/lib/earthdistance.dll
18 notice 15.9kB native/lib/euc_cn_and_mic.dll
18 notice 23.0kB native/lib/euc_jp_and_sjis.dll
18 notice 15.9kB native/lib/euc_kr_and_mic.dll
18 notice 22.5kB native/lib/euc_tw_and_big5.dll
18 notice 16.9kB native/lib/euc2004_sjis2004.dll
18 notice 26.1kB native/lib/file_fdw.dll
18 notice 56.8kB native/lib/fuzzystrmatch.dll
18 notice 20.5kB native/lib/hstore_plperl.dll
18 notice 18.4kB native/lib/hstore_plpython3.dll
18 notice 66.6kB native/lib/hstore.dll
18 notice 4.3kB native/lib/iconv.lib
18 notice 15.4kB native/lib/insert_username.dll
18 notice 70.1kB native/lib/isn.dll
18 notice 24.1kB native/lib/jsonb_plperl.dll
18 notice 22.0kB native/lib/jsonb_plpython3.dll
18 notice 15.9kB native/lib/latin_and_mic.dll
18 notice 16.4kB native/lib/latin2_and_win1250.dll
18 notice 1.3MB native/lib/libcrypto.lib
18 notice 29.7kB native/lib/libpqwalreceiver.dll
18 notice 126.4kB native/lib/libssl.lib
18 notice 349.4kB native/lib/libxml2.lib
18 notice 15.4kB native/lib/lo.dll
18 notice 15.4kB native/lib/ltree_plpython3.dll
18 notice 69.1kB native/lib/ltree.dll
18 notice 16.4kB native/lib/moddatetime.dll
18 notice 57.3kB native/lib/pageinspect.dll
18 notice 15.4kB native/lib/passwordcheck.dll
18 notice 20.0kB native/lib/pg_buffercache.dll
18 notice 14.8kB native/lib/pg_freespacemap.dll
18 notice 31.2kB native/lib/pg_prewarm.dll
18 notice 43.0kB native/lib/pg_stat_statements.dll
18 notice 21.0kB native/lib/pg_surgery.dll
18 notice 56.8kB native/lib/pg_trgm.dll
18 notice 26.1kB native/lib/pg_visibility.dll
18 notice 26.1kB native/lib/pg_walinspect.dll
18 notice 195.1kB native/lib/pgcrypto.dll
18 notice 41.0kB native/lib/pgevent.dll
18 notice 33.8kB native/lib/pgoutput.dll
18 notice 18.9kB native/lib/pgrowlocks.dll
18 notice 34.8kB native/lib/pgstattuple.dll
18 notice 29.2kB native/lib/pgxml.dll
18 notice 94.2kB native/lib/plperl.dll
18 notice 195.1kB native/lib/plpgsql.dll
18 notice 119.3kB native/lib/plpython3.dll
18 notice 60.4kB native/lib/pltcl.dll
18 notice 60.9kB native/lib/plugin_debugger.dll
18 notice 135.7kB native/lib/postgres_fdw.dll
18 notice 24.1kB native/lib/refint.dll
18 notice 35.8kB native/lib/seg.dll
18 notice 21.5kB native/lib/sslinfo.dll
18 notice 38.9kB native/lib/system_stats.dll
18 notice 30.7kB native/lib/tablefunc.dll
18 notice 16.9kB native/lib/tcn.dll
18 notice 25.1kB native/lib/test_decoding.dll
18 notice 17.9kB native/lib/tsm_system_rows.dll
18 notice 17.9kB native/lib/tsm_system_time.dll
18 notice 20.5kB native/lib/unaccent.dll
18 notice 129.0kB native/lib/utf8_and_big5.dll
18 notice 20.5kB native/lib/utf8_and_cyrillic.dll
18 notice 89.6kB native/lib/utf8_and_euc_cn.dll
18 notice 165.4kB native/lib/utf8_and_euc_jp.dll
18 notice 117.2kB native/lib/utf8_and_euc_kr.dll
18 notice 214.0kB native/lib/utf8_and_euc_tw.dll
18 notice 219.1kB native/lib/utf8_and_euc2004.dll
18 notice 275.5kB native/lib/utf8_and_gb18030.dll
18 notice 160.8kB native/lib/utf8_and_gbk.dll
18 notice 15.4kB native/lib/utf8_and_iso8859_1.dll
18 notice 36.9kB native/lib/utf8_and_iso8859.dll
18 notice 176.1kB native/lib/utf8_and_johab.dll
18 notice 95.7kB native/lib/utf8_and_sjis.dll
18 notice 140.8kB native/lib/utf8_and_sjis2004.dll
18 notice 181.8kB native/lib/utf8_and_uhc.dll
18 notice 39.9kB native/lib/utf8_and_win.dll
18 notice 49.7kB native/lib/uuid-ossp.dll
18 notice 2B native/pg-symlinks.json
18 notice 798B native/share/doc/extension/autoinc.example
18 notice 560B native/share/doc/extension/insert_username.example
18 notice 493B native/share/doc/extension/moddatetime.example
18 notice 2.1kB native/share/doc/extension/refint.example
18 notice 33.4kB native/share/errcodes.txt
18 notice 931B native/share/extension/amcheck--1.0--1.1.sql
18 notice 704B native/share/extension/amcheck--1.0.sql
18 notice 705B native/share/extension/amcheck--1.1--1.2.sql
18 notice 852B native/share/extension/amcheck--1.2--1.3.sql
18 notice 1.1kB native/share/extension/amcheck--1.3--1.4.sql
18 notice 154B native/share/extension/amcheck.control
18 notice 249B native/share/extension/autoinc--1.0.sql
18 notice 149B native/share/extension/autoinc.control
18 notice 666B native/share/extension/bloom--1.0.sql
18 notice 156B native/share/extension/bloom.control
18 notice 647B native/share/extension/bool_plperl--1.0.sql
18 notice 188B native/share/extension/bool_plperl.control
18 notice 691B native/share/extension/bool_plperlu--1.0.sql
18 notice 176B native/share/extension/bool_plperlu.control
18 notice 1.4kB native/share/extension/btree_gin--1.0--1.1.sql
18 notice 24.8kB native/share/extension/btree_gin--1.0.sql
18 notice 1.4kB native/share/extension/btree_gin--1.1--1.2.sql
18 notice 4.6kB native/share/extension/btree_gin--1.2--1.3.sql
18 notice 175B native/share/extension/btree_gin.control
18 notice 3.7kB native/share/extension/btree_gist--1.0--1.1.sql
18 notice 5.0kB native/share/extension/btree_gist--1.1--1.2.sql
18 notice 2.0kB native/share/extension/btree_gist--1.2--1.3.sql
18 notice 41.1kB native/share/extension/btree_gist--1.2.sql
18 notice 1.9kB native/share/extension/btree_gist--1.3--1.4.sql
18 notice 1.9kB native/share/extension/btree_gist--1.4--1.5.sql
18 notice 13.4kB native/share/extension/btree_gist--1.5--1.6.sql
18 notice 2.2kB native/share/extension/btree_gist--1.6--1.7.sql
18 notice 178B native/share/extension/btree_gist.control
18 notice 1.0kB native/share/extension/citext--1.0--1.1.sql
18 notice 3.4kB native/share/extension/citext--1.1--1.2.sql
18 notice 850B native/share/extension/citext--1.2--1.3.sql
18 notice 668B native/share/extension/citext--1.3--1.4.sql
18 notice 2.3kB native/share/extension/citext--1.4--1.5.sql
18 notice 13.5kB native/share/extension/citext--1.4.sql
18 notice 427B native/share/extension/citext--1.5--1.6.sql
18 notice 173B native/share/extension/citext.control
18 notice 1.6kB native/share/extension/cube--1.0--1.1.sql
18 notice 3.8kB native/share/extension/cube--1.1--1.2.sql
18 notice 365B native/share/extension/cube--1.2--1.3.sql
18 notice 9.8kB native/share/extension/cube--1.2.sql
18 notice 2.4kB native/share/extension/cube--1.3--1.4.sql
18 notice 591B native/share/extension/cube--1.4--1.5.sql
18 notice 157B native/share/extension/cube.control
18 notice 419B native/share/extension/dblink--1.0--1.1.sql
18 notice 2.8kB native/share/extension/dblink--1.1--1.2.sql
18 notice 6.6kB native/share/extension/dblink--1.2.sql
18 notice 170B native/share/extension/dblink.control
18 notice 711B native/share/extension/dict_int--1.0.sql
18 notice 173B native/share/extension/dict_int.control
18 notice 694B native/share/extension/dict_xsyn--1.0.sql
18 notice 179B native/share/extension/dict_xsyn.control
18 notice 671B native/share/extension/earthdistance--1.0--1.1.sql
18 notice 2.2kB native/share/extension/earthdistance--1.1--1.2.sql
18 notice 3.3kB native/share/extension/earthdistance--1.1.sql
18 notice 202B native/share/extension/earthdistance.control
18 notice 475B native/share/extension/file_fdw--1.0.sql
18 notice 155B native/share/extension/file_fdw.control
18 notice 788B native/share/extension/fuzzystrmatch--1.0--1.1.sql
18 notice 351B native/share/extension/fuzzystrmatch--1.1--1.2.sql
18 notice 1.6kB native/share/extension/fuzzystrmatch--1.1.sql
18 notice 190B native/share/extension/fuzzystrmatch.control
18 notice 580B native/share/extension/hstore_plperl--1.0.sql
18 notice 186B native/share/extension/hstore_plperl.control
18 notice 627B native/share/extension/hstore_plperlu--1.0.sql
18 notice 189B native/share/extension/hstore_plperlu.control
18 notice 750B native/share/extension/hstore_plpython3u--1.0.sql
18 notice 201B native/share/extension/hstore_plpython3u.control
18 notice 1.6kB native/share/extension/hstore--1.1--1.2.sql
18 notice 525B native/share/extension/hstore--1.2--1.3.sql
18 notice 5.3kB native/share/extension/hstore--1.3--1.4.sql
18 notice 409B native/share/extension/hstore--1.4--1.5.sql
18 notice 13.8kB native/share/extension/hstore--1.4.sql
18 notice 455B native/share/extension/hstore--1.5--1.6.sql
18 notice 1.1kB native/share/extension/hstore--1.6--1.7.sql
18 notice 508B native/share/extension/hstore--1.7--1.8.sql
18 notice 173B native/share/extension/hstore.control
18 notice 273B native/share/extension/insert_username--1.0.sql
18 notice 170B native/share/extension/insert_username.control
18 notice 897B native/share/extension/intagg--1.0--1.1.sql
18 notice 1.1kB native/share/extension/intagg--1.1.sql
18 notice 119B native/share/extension/intagg.control
18 notice 1.8kB native/share/extension/intarray--1.0--1.1.sql
18 notice 5.5kB native/share/extension/intarray--1.1--1.2.sql
18 notice 663B native/share/extension/intarray--1.2--1.3.sql
18 notice 12.3kB native/share/extension/intarray--1.2.sql
18 notice 692B native/share/extension/intarray--1.3--1.4.sql
18 notice 282B native/share/extension/intarray--1.4--1.5.sql
18 notice 191B native/share/extension/intarray.control
18 notice 12.3kB native/share/extension/isn--1.0--1.1.sql
18 notice 5.3kB native/share/extension/isn--1.1--1.2.sql
18 notice 69.9kB native/share/extension/isn--1.1.sql
18 notice 175B native/share/extension/isn.control
18 notice 658B native/share/extension/jsonb_plperl--1.0.sql
18 notice 191B native/share/extension/jsonb_plperl.control
18 notice 704B native/share/extension/jsonb_plperlu--1.0.sql
18 notice 178B native/share/extension/jsonb_plperlu.control
18 notice 732B native/share/extension/jsonb_plpython3u--1.0.sql
18 notice 191B native/share/extension/jsonb_plpython3u.control
18 notice 223B native/share/extension/lo--1.0--1.1.sql
18 notice 722B native/share/extension/lo--1.1.sql
18 notice 141B native/share/extension/lo.control
18 notice 449B native/share/extension/ltree_plpython3u--1.0.sql
18 notice 197B native/share/extension/ltree_plpython3u.control
18 notice 6.3kB native/share/extension/ltree--1.0--1.1.sql
18 notice 5.2kB native/share/extension/ltree--1.1--1.2.sql
18 notice 19.4kB native/share/extension/ltree--1.1.sql
18 notice 652B native/share/extension/ltree--1.2--1.3.sql
18 notice 170B native/share/extension/ltree.control
18 notice 261B native/share/extension/moddatetime--1.0.sql
18 notice 165B native/share/extension/moddatetime.control
18 notice 560B native/share/extension/pageinspect--1.0--1.1.sql
18 notice 562B native/share/extension/pageinspect--1.1--1.2.sql
18 notice 1.9kB native/share/extension/pageinspect--1.2--1.3.sql
18 notice 2.6kB native/share/extension/pageinspect--1.3--1.4.sql
18 notice 1.3kB native/share/extension/pageinspect--1.4--1.5.sql
18 notice 2.3kB native/share/extension/pageinspect--1.5--1.6.sql
18 notice 6.3kB native/share/extension/pageinspect--1.5.sql
18 notice 698B native/share/extension/pageinspect--1.6--1.7.sql
18 notice 1.7kB native/share/extension/pageinspect--1.7--1.8.sql
18 notice 3.4kB native/share/extension/pageinspect--1.8--1.9.sql
18 notice 589B native/share/extension/pageinspect--1.9--1.10.sql
18 notice 1.6kB native/share/extension/pageinspect--1.10--1.11.sql
18 notice 1.2kB native/share/extension/pageinspect--1.11--1.12.sql
18 notice 174B native/share/extension/pageinspect.control
18 notice 508B native/share/extension/pg_buffercache--1.0--1.1.sql
18 notice 271B native/share/extension/pg_buffercache--1.1--1.2.sql
18 notice 328B native/share/extension/pg_buffercache--1.2--1.3.sql
18 notice 794B native/share/extension/pg_buffercache--1.2.sql
18 notice 1.0kB native/share/extension/pg_buffercache--1.3--1.4.sql
18 notice 230B native/share/extension/pg_buffercache--1.4--1.5.sql
18 notice 157B native/share/extension/pg_buffercache.control
18 notice 335B native/share/extension/pg_freespacemap--1.0--1.1.sql
18 notice 377B native/share/extension/pg_freespacemap--1.1--1.2.sql
18 notice 899B native/share/extension/pg_freespacemap--1.1.sql
18 notice 160B native/share/extension/pg_freespacemap.control
18 notice 281B native/share/extension/pg_prewarm--1.0--1.1.sql
18 notice 458B native/share/extension/pg_prewarm--1.1--1.2.sql
18 notice 475B native/share/extension/pg_prewarm--1.1.sql
18 notice 139B native/share/extension/pg_prewarm.control
18 notice 1.2kB native/share/extension/pg_stat_statements--1.0--1.1.sql
18 notice 1.3kB native/share/extension/pg_stat_statements--1.1--1.2.sql
18 notice 1.5kB native/share/extension/pg_stat_statements--1.2--1.3.sql
18 notice 345B native/share/extension/pg_stat_statements--1.3--1.4.sql
18 notice 305B native/share/extension/pg_stat_statements--1.4--1.5.sql
18 notice 1.4kB native/share/extension/pg_stat_statements--1.4.sql
18 notice 376B native/share/extension/pg_stat_statements--1.5--1.6.sql
18 notice 806B native/share/extension/pg_stat_statements--1.6--1.7.sql
18 notice 1.7kB native/share/extension/pg_stat_statements--1.7--1.8.sql
18 notice 2.1kB native/share/extension/pg_stat_statements--1.8--1.9.sql
18 notice 2.1kB native/share/extension/pg_stat_statements--1.9--1.10.sql
18 notice 2.6kB native/share/extension/pg_stat_statements--1.10--1.11.sql
18 notice 205B native/share/extension/pg_stat_statements.control
18 notice 608B native/share/extension/pg_surgery--1.0.sql
18 notice 168B native/share/extension/pg_surgery.control
18 notice 536B native/share/extension/pg_trgm--1.0--1.1.sql
18 notice 2.2kB native/share/extension/pg_trgm--1.1--1.2.sql
18 notice 3.5kB native/share/extension/pg_trgm--1.2--1.3.sql
18 notice 2.0kB native/share/extension/pg_trgm--1.3--1.4.sql
18 notice 7.9kB native/share/extension/pg_trgm--1.3.sql
18 notice 858B native/share/extension/pg_trgm--1.4--1.5.sql
18 notice 418B native/share/extension/pg_trgm--1.5--1.6.sql
18 notice 192B native/share/extension/pg_trgm.control
18 notice 883B native/share/extension/pg_visibility--1.0--1.1.sql
18 notice 833B native/share/extension/pg_visibility--1.1--1.2.sql
18 notice 2.8kB native/share/extension/pg_visibility--1.1.sql
18 notice 186B native/share/extension/pg_visibility.control
18 notice 1.3kB native/share/extension/pg_walinspect--1.0--1.1.sql
18 notice 3.7kB native/share/extension/pg_walinspect--1.0.sql
18 notice 183B native/share/extension/pg_walinspect.control
18 notice 307B native/share/extension/pgcrypto--1.0--1.1.sql
18 notice 483B native/share/extension/pgcrypto--1.1--1.2.sql
18 notice 2.3kB native/share/extension/pgcrypto--1.2--1.3.sql
18 notice 5.7kB native/share/extension/pgcrypto--1.3.sql
18 notice 152B native/share/extension/pgcrypto.control
18 notice 651B native/share/extension/pgrowlocks--1.0--1.1.sql
18 notice 253B native/share/extension/pgrowlocks--1.1--1.2.sql
18 notice 555B native/share/extension/pgrowlocks--1.2.sql
18 notice 152B native/share/extension/pgrowlocks.control
18 notice 400B native/share/extension/pgstattuple--1.0--1.1.sql
18 notice 1.4kB native/share/extension/pgstattuple--1.1--1.2.sql
18 notice 1.1kB native/share/extension/pgstattuple--1.2--1.3.sql
18 notice 623B native/share/extension/pgstattuple--1.3--1.4.sql
18 notice 5.5kB native/share/extension/pgstattuple--1.4--1.5.sql
18 notice 3.8kB native/share/extension/pgstattuple--1.4.sql
18 notice 147B native/share/extension/pgstattuple.control
18 notice 2.9kB native/share/extension/pldbgapi--1.0--1.1.sql
18 notice 7.6kB native/share/extension/pldbgapi--1.1.sql
18 notice 2.6kB native/share/extension/pldbgapi--unpackaged--1.1.sql
18 notice 186B native/share/extension/pldbgapi.control
18 notice 642B native/share/extension/plperl--1.0.sql
18 notice 190B native/share/extension/plperl.control
18 notice 530B native/share/extension/plperlu--1.0.sql
18 notice 187B native/share/extension/plperlu.control
18 notice 658B native/share/extension/plpgsql--1.0.sql
18 notice 193B native/share/extension/plpgsql.control
18 notice 556B native/share/extension/plpython3u--1.0.sql
18 notice 196B native/share/extension/plpython3u.control
18 notice 374B native/share/extension/pltcl--1.0.sql
18 notice 187B native/share/extension/pltcl.control
18 notice 259B native/share/extension/pltclu--1.0.sql
18 notice 184B native/share/extension/pltclu.control
18 notice 626B native/share/extension/postgres_fdw--1.0--1.1.sql
18 notice 507B native/share/extension/postgres_fdw--1.0.sql
18 notice 172B native/share/extension/postgres_fdw.control
18 notice 343B native/share/extension/refint--1.0.sql
18 notice 169B native/share/extension/refint.control
18 notice 3.0kB native/share/extension/seg--1.0--1.1.sql
18 notice 360B native/share/extension/seg--1.1--1.2.sql
18 notice 8.1kB native/share/extension/seg--1.1.sql
18 notice 2.3kB native/share/extension/seg--1.2--1.3.sql
18 notice 259B native/share/extension/seg--1.3--1.4.sql
18 notice 187B native/share/extension/seg.control
18 notice 375B native/share/extension/sslinfo--1.0--1.1.sql
18 notice 746B native/share/extension/sslinfo--1.1--1.2.sql
18 notice 1.5kB native/share/extension/sslinfo--1.2.sql
18 notice 146B native/share/extension/sslinfo.control
18 notice 2.2kB native/share/extension/tablefunc--1.0.sql
18 notice 189B native/share/extension/tablefunc.control
18 notice 274B native/share/extension/tcn--1.0.sql
18 notice 149B native/share/extension/tcn.control
18 notice 327B native/share/extension/tsm_system_rows--1.0.sql
18 notice 201B native/share/extension/tsm_system_rows.control
18 notice 327B native/share/extension/tsm_system_time--1.0.sql
18 notice 207B native/share/extension/tsm_system_time.control
18 notice 445B native/share/extension/unaccent--1.0--1.1.sql
18 notice 910B native/share/extension/unaccent--1.1.sql
18 notice 172B native/share/extension/unaccent.control
18 notice 688B native/share/extension/uuid-ossp--1.0--1.1.sql
18 notice 1.5kB native/share/extension/uuid-ossp--1.1.sql
18 notice 178B native/share/extension/uuid-ossp.control
18 notice 944B native/share/extension/xml2--1.0--1.1.sql
18 notice 2.0kB native/share/extension/xml2--1.1.sql
18 notice 182B native/share/extension/xml2.control
18 notice 115.5kB native/share/information_schema.sql
18 notice 14.9kB native/share/locale/cs/LC_MESSAGES/ecpg-17.mo
18 notice 3.7kB native/share/locale/cs/LC_MESSAGES/ecpglib6-17.mo
18 notice 22.9kB native/share/locale/cs/LC_MESSAGES/initdb-17.mo
18 notice 31.4kB native/share/locale/cs/LC_MESSAGES/libpq5-17.mo
18 notice 3.5kB native/share/locale/cs/LC_MESSAGES/pg_archivecleanup-17.mo
18 notice 35.4kB native/share/locale/cs/LC_MESSAGES/pg_basebackup-17.mo
18 notice 6.4kB native/share/locale/cs/LC_MESSAGES/pg_checksums-17.mo
18 notice 6.3kB native/share/locale/cs/LC_MESSAGES/pg_config-17.mo
18 notice 11.0kB native/share/locale/cs/LC_MESSAGES/pg_controldata-17.mo
18 notice 18.6kB native/share/locale/cs/LC_MESSAGES/pg_ctl-17.mo
18 notice 63.3kB native/share/locale/cs/LC_MESSAGES/pg_dump-17.mo
18 notice 14.1kB native/share/locale/cs/LC_MESSAGES/pg_resetwal-17.mo
18 notice 21.9kB native/share/locale/cs/LC_MESSAGES/pg_rewind-17.mo
18 notice 3.6kB native/share/locale/cs/LC_MESSAGES/pg_test_fsync-17.mo
18 notice 1.6kB native/share/locale/cs/LC_MESSAGES/pg_test_timing-17.mo
18 notice 43.9kB native/share/locale/cs/LC_MESSAGES/pg_upgrade-17.mo
18 notice 7.3kB native/share/locale/cs/LC_MESSAGES/pg_waldump-17.mo
18 notice 27.0kB native/share/locale/cs/LC_MESSAGES/pgscripts-17.mo
18 notice 5.5kB native/share/locale/cs/LC_MESSAGES/plperl-17.mo
18 notice 20.1kB native/share/locale/cs/LC_MESSAGES/plpgsql-17.mo
18 notice 11.3kB native/share/locale/cs/LC_MESSAGES/plpython-17.mo
18 notice 2.5kB native/share/locale/cs/LC_MESSAGES/pltcl-17.mo
18 notice 112.0kB native/share/locale/cs/LC_MESSAGES/psql-17.mo
18 notice 15.4kB native/share/locale/de/LC_MESSAGES/ecpg-17.mo
18 notice 3.8kB native/share/locale/de/LC_MESSAGES/ecpglib6-17.mo
18 notice 27.6kB native/share/locale/de/LC_MESSAGES/initdb-17.mo
18 notice 36.5kB native/share/locale/de/LC_MESSAGES/libpq5-17.mo
18 notice 14.7kB native/share/locale/de/LC_MESSAGES/pg_amcheck-17.mo
18 notice 4.2kB native/share/locale/de/LC_MESSAGES/pg_archivecleanup-17.mo
18 notice 64.2kB native/share/locale/de/LC_MESSAGES/pg_basebackup-17.mo
18 notice 9.1kB native/share/locale/de/LC_MESSAGES/pg_checksums-17.mo
18 notice 19.8kB native/share/locale/de/LC_MESSAGES/pg_combinebackup-17.mo
18 notice 6.6kB native/share/locale/de/LC_MESSAGES/pg_config-17.mo
18 notice 11.0kB native/share/locale/de/LC_MESSAGES/pg_controldata-17.mo
18 notice 19.8kB native/share/locale/de/LC_MESSAGES/pg_ctl-17.mo
18 notice 72.4kB native/share/locale/de/LC_MESSAGES/pg_dump-17.mo
18 notice 16.5kB native/share/locale/de/LC_MESSAGES/pg_resetwal-17.mo
18 notice 26.4kB native/share/locale/de/LC_MESSAGES/pg_rewind-17.mo
18 notice 4.3kB native/share/locale/de/LC_MESSAGES/pg_test_fsync-17.mo
18 notice 1.9kB native/share/locale/de/LC_MESSAGES/pg_test_timing-17.mo
18 notice 55.3kB native/share/locale/de/LC_MESSAGES/pg_upgrade-17.mo
18 notice 13.3kB native/share/locale/de/LC_MESSAGES/pg_verifybackup-17.mo
18 notice 15.1kB native/share/locale/de/LC_MESSAGES/pg_waldump-17.mo
18 notice 3.2kB native/share/locale/de/LC_MESSAGES/pg_walsummary-17.mo
18 notice 32.3kB native/share/locale/de/LC_MESSAGES/pgscripts-17.mo
18 notice 5.9kB native/share/locale/de/LC_MESSAGES/plperl-17.mo
18 notice 20.8kB native/share/locale/de/LC_MESSAGES/plpgsql-17.mo
18 notice 11.4kB native/share/locale/de/LC_MESSAGES/plpython-17.mo
18 notice 2.9kB native/share/locale/de/LC_MESSAGES/pltcl-17.mo
18 notice 836.4kB native/share/locale/de/LC_MESSAGES/postgres-17.mo
18 notice 120.6kB native/share/locale/de/LC_MESSAGES/psql-17.mo
18 notice 20.6kB native/share/locale/el/LC_MESSAGES/ecpg-17.mo
18 notice 4.8kB native/share/locale/el/LC_MESSAGES/ecpglib6-17.mo
18 notice 34.8kB native/share/locale/el/LC_MESSAGES/initdb-17.mo
18 notice 48.3kB native/share/locale/el/LC_MESSAGES/libpq5-17.mo
18 notice 15.8kB native/share/locale/el/LC_MESSAGES/pg_amcheck-17.mo
18 notice 4.6kB native/share/locale/el/LC_MESSAGES/pg_archivecleanup-17.mo
18 notice 59.1kB native/share/locale/el/LC_MESSAGES/pg_basebackup-17.mo
18 notice 9.2kB native/share/locale/el/LC_MESSAGES/pg_checksums-17.mo
18 notice 8.0kB native/share/locale/el/LC_MESSAGES/pg_config-17.mo
18 notice 14.4kB native/share/locale/el/LC_MESSAGES/pg_controldata-17.mo
18 notice 26.6kB native/share/locale/el/LC_MESSAGES/pg_ctl-17.mo
18 notice 89.6kB native/share/locale/el/LC_MESSAGES/pg_dump-17.mo
18 notice 19.2kB native/share/locale/el/LC_MESSAGES/pg_resetwal-17.mo
18 notice 33.9kB native/share/locale/el/LC_MESSAGES/pg_rewind-17.mo
18 notice 5.2kB native/share/locale/el/LC_MESSAGES/pg_test_fsync-17.mo
18 notice 2.1kB native/share/locale/el/LC_MESSAGES/pg_test_timing-17.mo
18 notice 15.1kB native/share/locale/el/LC_MESSAGES/pg_verifybackup-17.mo
18 notice 19.4kB native/share/locale/el/LC_MESSAGES/pg_waldump-17.mo
18 notice 42.0kB native/share/locale/el/LC_MESSAGES/pgscripts-17.mo
18 notice 7.6kB native/share/locale/el/LC_MESSAGES/plperl-17.mo
18 notice 27.4kB native/share/locale/el/LC_MESSAGES/plpgsql-17.mo
18 notice 15.3kB native/share/locale/el/LC_MESSAGES/plpython-17.mo
18 notice 3.7kB native/share/locale/el/LC_MESSAGES/pltcl-17.mo
18 notice 150.2kB native/share/locale/el/LC_MESSAGES/psql-17.mo
18 notice 15.8kB native/share/locale/es/LC_MESSAGES/ecpg-17.mo
18 notice 3.8kB native/share/locale/es/LC_MESSAGES/ecpglib6-17.mo
18 notice 28.4kB native/share/locale/es/LC_MESSAGES/initdb-17.mo
18 notice 37.4kB native/share/locale/es/LC_MESSAGES/libpq5-17.mo
18 notice 15.1kB native/share/locale/es/LC_MESSAGES/pg_amcheck-17.mo
18 notice 4.4kB native/share/locale/es/LC_MESSAGES/pg_archivecleanup-17.mo
18 notice 64.8kB native/share/locale/es/LC_MESSAGES/pg_basebackup-17.mo
18 notice 9.0kB native/share/locale/es/LC_MESSAGES/pg_checksums-17.mo
18 notice 20.3kB native/share/locale/es/LC_MESSAGES/pg_combinebackup-17.mo
18 notice 7.0kB native/share/locale/es/LC_MESSAGES/pg_config-17.mo
18 notice 11.1kB native/share/locale/es/LC_MESSAGES/pg_controldata-17.mo
18 notice 20.4kB native/share/locale/es/LC_MESSAGES/pg_ctl-17.mo
18 notice 73.8kB native/share/locale/es/LC_MESSAGES/pg_dump-17.mo
18 notice 17.0kB native/share/locale/es/LC_MESSAGES/pg_resetwal-17.mo
18 notice 27.1kB native/share/locale/es/LC_MESSAGES/pg_rewind-17.mo
18 notice 4.4kB native/share/locale/es/LC_MESSAGES/pg_test_fsync-17.mo
18 notice 2.0kB native/share/locale/es/LC_MESSAGES/pg_test_timing-17.mo
18 notice 54.6kB native/share/locale/es/LC_MESSAGES/pg_upgrade-17.mo
18 notice 14.0kB native/share/locale/es/LC_MESSAGES/pg_verifybackup-17.mo
18 notice 15.7kB native/share/locale/es/LC_MESSAGES/pg_waldump-17.mo
18 notice 3.3kB native/share/locale/es/LC_MESSAGES/pg_walsummary-17.mo
18 notice 32.2kB native/share/locale/es/LC_MESSAGES/pgscripts-17.mo
18 notice 5.9kB native/share/locale/es/LC_MESSAGES/plperl-17.mo
18 notice 21.2kB native/share/locale/es/LC_MESSAGES/plpgsql-17.mo
18 notice 11.3kB native/share/locale/es/LC_MESSAGES/plpython-17.mo
18 notice 3.0kB native/share/locale/es/LC_MESSAGES/pltcl-17.mo
18 notice 846.0kB native/share/locale/es/LC_MESSAGES/postgres-17.mo
18 notice 122.6kB native/share/locale/es/LC_MESSAGES/psql-17.mo
18 notice 16.2kB native/share/locale/fr/LC_MESSAGES/ecpg-17.mo
18 notice 4.0kB native/share/locale/fr/LC_MESSAGES/ecpglib6-17.mo
18 notice 29.8kB native/share/locale/fr/LC_MESSAGES/initdb-17.mo
18 notice 37.5kB native/share/locale/fr/LC_MESSAGES/libpq5-17.mo
18 notice 15.6kB native/share/locale/fr/LC_MESSAGES/pg_amcheck-17.mo
18 notice 4.4kB native/share/locale/fr/LC_MESSAGES/pg_archivecleanup-17.mo
18 notice 67.8kB native/share/locale/fr/LC_MESSAGES/pg_basebackup-17.mo
18 notice 9.7kB native/share/locale/fr/LC_MESSAGES/pg_checksums-17.mo
18 notice 20.9kB native/share/locale/fr/LC_MESSAGES/pg_combinebackup-17.mo
18 notice 7.2kB native/share/locale/fr/LC_MESSAGES/pg_config-17.mo
18 notice 11.8kB native/share/locale/fr/LC_MESSAGES/pg_controldata-17.mo
18 notice 21.2kB native/share/locale/fr/LC_MESSAGES/pg_ctl-17.mo
18 notice 76.3kB native/share/locale/fr/LC_MESSAGES/pg_dump-17.mo
18 notice 17.7kB native/share/locale/fr/LC_MESSAGES/pg_resetwal-17.mo
18 notice 28.0kB native/share/locale/fr/LC_MESSAGES/pg_rewind-17.mo
18 notice 4.5kB native/share/locale/fr/LC_MESSAGES/pg_test_fsync-17.mo
18 notice 1.9kB native/share/locale/fr/LC_MESSAGES/pg_test_timing-17.mo
18 notice 59.1kB native/share/locale/fr/LC_MESSAGES/pg_upgrade-17.mo
18 notice 14.0kB native/share/locale/fr/LC_MESSAGES/pg_verifybackup-17.mo
18 notice 16.8kB native/share/locale/fr/LC_MESSAGES/pg_waldump-17.mo
18 notice 3.4kB native/share/locale/fr/LC_MESSAGES/pg_walsummary-17.mo
18 notice 34.5kB native/share/locale/fr/LC_MESSAGES/pgscripts-17.mo
18 notice 6.0kB native/share/locale/fr/LC_MESSAGES/plperl-17.mo
18 notice 21.5kB native/share/locale/fr/LC_MESSAGES/plpgsql-17.mo
18 notice 11.6kB native/share/locale/fr/LC_MESSAGES/plpython-17.mo
18 notice 3.0kB native/share/locale/fr/LC_MESSAGES/pltcl-17.mo
18 notice 747.3kB native/share/locale/fr/LC_MESSAGES/postgres-17.mo
18 notice 126.4kB native/share/locale/fr/LC_MESSAGES/psql-17.mo
18 notice 26.1kB native/share/locale/he/LC_MESSAGES/initdb-17.mo
18 notice 28.0kB native/share/locale/he/LC_MESSAGES/libpq5-17.mo
18 notice 36.2kB native/share/locale/he/LC_MESSAGES/pg_basebackup-17.mo
18 notice 6.5kB native/share/locale/he/LC_MESSAGES/pg_config-17.mo
18 notice 21.0kB native/share/locale/he/LC_MESSAGES/pg_ctl-17.mo
18 notice 71.9kB native/share/locale/he/LC_MESSAGES/pg_dump-17.mo
18 notice 27.2kB native/share/locale/he/LC_MESSAGES/pgscripts-17.mo
18 notice 111.1kB native/share/locale/he/LC_MESSAGES/psql-17.mo
18 notice 482.8kB native/share/locale/id/LC_MESSAGES/postgres-17.mo
18 notice 15.8kB native/share/locale/it/LC_MESSAGES/ecpg-17.mo
18 notice 3.9kB native/share/locale/it/LC_MESSAGES/ecpglib6-17.mo
18 notice 25.6kB native/share/locale/it/LC_MESSAGES/initdb-17.mo
18 notice 28.5kB native/share/locale/it/LC_MESSAGES/libpq5-17.mo
18 notice 12.3kB native/share/locale/it/LC_MESSAGES/pg_amcheck-17.mo
18 notice 3.6kB native/share/locale/it/LC_MESSAGES/pg_archivecleanup-17.mo
18 notice 44.3kB native/share/locale/it/LC_MESSAGES/pg_basebackup-17.mo
18 notice 6.8kB native/share/locale/it/LC_MESSAGES/pg_checksums-17.mo
18 notice 6.6kB native/share/locale/it/LC_MESSAGES/pg_config-17.mo
18 notice 11.0kB native/share/locale/it/LC_MESSAGES/pg_controldata-17.mo
18 notice 19.8kB native/share/locale/it/LC_MESSAGES/pg_ctl-17.mo
18 notice 63.8kB native/share/locale/it/LC_MESSAGES/pg_dump-17.mo
18 notice 14.6kB native/share/locale/it/LC_MESSAGES/pg_resetwal-17.mo
18 notice 25.4kB native/share/locale/it/LC_MESSAGES/pg_rewind-17.mo
18 notice 4.2kB native/share/locale/it/LC_MESSAGES/pg_test_fsync-17.mo
18 notice 1.7kB native/share/locale/it/LC_MESSAGES/pg_test_timing-17.mo
18 notice 10.7kB native/share/locale/it/LC_MESSAGES/pg_verifybackup-17.mo
18 notice 13.8kB native/share/locale/it/LC_MESSAGES/pg_waldump-17.mo
18 notice 29.0kB native/share/locale/it/LC_MESSAGES/pgscripts-17.mo
18 notice 6.0kB native/share/locale/it/LC_MESSAGES/plperl-17.mo
18 notice 20.8kB native/share/locale/it/LC_MESSAGES/plpgsql-17.mo
18 notice 11.7kB native/share/locale/it/LC_MESSAGES/plpython-17.mo
18 notice 2.9kB native/share/locale/it/LC_MESSAGES/pltcl-17.mo
18 notice 784.7kB native/share/locale/it/LC_MESSAGES/postgres-17.mo
18 notice 118.0kB native/share/locale/it/LC_MESSAGES/psql-17.mo
18 notice 17.0kB native/share/locale/ja/LC_MESSAGES/ecpg-17.mo
18 notice 4.5kB native/share/locale/ja/LC_MESSAGES/ecpglib6-17.mo
18 notice 31.0kB native/share/locale/ja/LC_MESSAGES/initdb-17.mo
18 notice 41.8kB native/share/locale/ja/LC_MESSAGES/libpq5-17.mo
18 notice 16.4kB native/share/locale/ja/LC_MESSAGES/pg_amcheck-17.mo
18 notice 4.6kB native/share/locale/ja/LC_MESSAGES/pg_archivecleanup-17.mo
18 notice 72.6kB native/share/locale/ja/LC_MESSAGES/pg_basebackup-17.mo
18 notice 8.2kB native/share/locale/ja/LC_MESSAGES/pg_checksums-17.mo
18 notice 23.0kB native/share/locale/ja/LC_MESSAGES/pg_combinebackup-17.mo
18 notice 6.6kB native/share/locale/ja/LC_MESSAGES/pg_config-17.mo
18 notice 11.8kB native/share/locale/ja/LC_MESSAGES/pg_controldata-17.mo
18 notice 22.0kB native/share/locale/ja/LC_MESSAGES/pg_ctl-17.mo
18 notice 80.0kB native/share/locale/ja/LC_MESSAGES/pg_dump-17.mo
18 notice 16.1kB native/share/locale/ja/LC_MESSAGES/pg_resetwal-17.mo
18 notice 30.3kB native/share/locale/ja/LC_MESSAGES/pg_rewind-17.mo
18 notice 4.6kB native/share/locale/ja/LC_MESSAGES/pg_test_fsync-17.mo
18 notice 1.8kB native/share/locale/ja/LC_MESSAGES/pg_test_timing-17.mo
18 notice 63.3kB native/share/locale/ja/LC_MESSAGES/pg_upgrade-17.mo
18 notice 15.2kB native/share/locale/ja/LC_MESSAGES/pg_verifybackup-17.mo
18 notice 16.4kB native/share/locale/ja/LC_MESSAGES/pg_waldump-17.mo
18 notice 3.5kB native/share/locale/ja/LC_MESSAGES/pg_walsummary-17.mo
18 notice 34.8kB native/share/locale/ja/LC_MESSAGES/pgscripts-17.mo
18 notice 6.2kB native/share/locale/ja/LC_MESSAGES/plperl-17.mo
18 notice 22.6kB native/share/locale/ja/LC_MESSAGES/plpgsql-17.mo
18 notice 13.0kB native/share/locale/ja/LC_MESSAGES/plpython-17.mo
18 notice 3.1kB native/share/locale/ja/LC_MESSAGES/pltcl-17.mo
18 notice 918.5kB native/share/locale/ja/LC_MESSAGES/postgres-17.mo
18 notice 132.1kB native/share/locale/ja/LC_MESSAGES/psql-17.mo
18 notice 24.0kB native/share/locale/ka/LC_MESSAGES/ecpg-17.mo
18 notice 5.7kB native/share/locale/ka/LC_MESSAGES/ecpglib6-17.mo
18 notice 41.5kB native/share/locale/ka/LC_MESSAGES/initdb-17.mo
18 notice 58.8kB native/share/locale/ka/LC_MESSAGES/libpq5-17.mo
18 notice 22.1kB native/share/locale/ka/LC_MESSAGES/pg_amcheck-17.mo
18 notice 6.2kB native/share/locale/ka/LC_MESSAGES/pg_archivecleanup-17.mo
18 notice 99.3kB native/share/locale/ka/LC_MESSAGES/pg_basebackup-17.mo
18 notice 14.1kB native/share/locale/ka/LC_MESSAGES/pg_checksums-17.mo
18 notice 31.0kB native/share/locale/ka/LC_MESSAGES/pg_combinebackup-17.mo
18 notice 9.7kB native/share/locale/ka/LC_MESSAGES/pg_config-17.mo
18 notice 16.0kB native/share/locale/ka/LC_MESSAGES/pg_controldata-17.mo
18 notice 30.7kB native/share/locale/ka/LC_MESSAGES/pg_ctl-17.mo
18 notice 109.3kB native/share/locale/ka/LC_MESSAGES/pg_dump-17.mo
18 notice 24.3kB native/share/locale/ka/LC_MESSAGES/pg_resetwal-17.mo
18 notice 41.0kB native/share/locale/ka/LC_MESSAGES/pg_rewind-17.mo
18 notice 6.3kB native/share/locale/ka/LC_MESSAGES/pg_test_fsync-17.mo
18 notice 2.7kB native/share/locale/ka/LC_MESSAGES/pg_test_timing-17.mo
18 notice 87.4kB native/share/locale/ka/LC_MESSAGES/pg_upgrade-17.mo
18 notice 21.0kB native/share/locale/ka/LC_MESSAGES/pg_verifybackup-17.mo
18 notice 23.8kB native/share/locale/ka/LC_MESSAGES/pg_waldump-17.mo
18 notice 4.7kB native/share/locale/ka/LC_MESSAGES/pg_walsummary-17.mo
18 notice 47.4kB native/share/locale/ka/LC_MESSAGES/pgscripts-17.mo
18 notice 8.7kB native/share/locale/ka/LC_MESSAGES/plperl-17.mo
18 notice 32.1kB native/share/locale/ka/LC_MESSAGES/plpgsql-17.mo
18 notice 17.5kB native/share/locale/ka/LC_MESSAGES/plpython-17.mo
18 notice 4.6kB native/share/locale/ka/LC_MESSAGES/pltcl-17.mo
18 notice 986.0kB native/share/locale/ka/LC_MESSAGES/postgres-17.mo
18 notice 183.5kB native/share/locale/ka/LC_MESSAGES/psql-17.mo
18 notice 15.6kB native/share/locale/ko/LC_MESSAGES/ecpg-17.mo
18 notice 3.7kB native/share/locale/ko/LC_MESSAGES/ecpglib6-17.mo
18 notice 28.2kB native/share/locale/ko/LC_MESSAGES/initdb-17.mo
18 notice 36.7kB native/share/locale/ko/LC_MESSAGES/libpq5-17.mo
18 notice 15.2kB native/share/locale/ko/LC_MESSAGES/pg_amcheck-17.mo
18 notice 4.3kB native/share/locale/ko/LC_MESSAGES/pg_archivecleanup-17.mo
18 notice 64.3kB native/share/locale/ko/LC_MESSAGES/pg_basebackup-17.mo
18 notice 9.3kB native/share/locale/ko/LC_MESSAGES/pg_checksums-17.mo
18 notice 20.4kB native/share/locale/ko/LC_MESSAGES/pg_combinebackup-17.mo
18 notice 6.7kB native/share/locale/ko/LC_MESSAGES/pg_config-17.mo
18 notice 11.2kB native/share/locale/ko/LC_MESSAGES/pg_controldata-17.mo
18 notice 20.7kB native/share/locale/ko/LC_MESSAGES/pg_ctl-17.mo
18 notice 72.9kB native/share/locale/ko/LC_MESSAGES/pg_dump-17.mo
18 notice 16.8kB native/share/locale/ko/LC_MESSAGES/pg_resetwal-17.mo
18 notice 27.0kB native/share/locale/ko/LC_MESSAGES/pg_rewind-17.mo
18 notice 4.2kB native/share/locale/ko/LC_MESSAGES/pg_test_fsync-17.mo
18 notice 1.8kB native/share/locale/ko/LC_MESSAGES/pg_test_timing-17.mo
18 notice 55.6kB native/share/locale/ko/LC_MESSAGES/pg_upgrade-17.mo
18 notice 13.7kB native/share/locale/ko/LC_MESSAGES/pg_verifybackup-17.mo
18 notice 15.3kB native/share/locale/ko/LC_MESSAGES/pg_waldump-17.mo
18 notice 3.3kB native/share/locale/ko/LC_MESSAGES/pg_walsummary-17.mo
18 notice 32.4kB native/share/locale/ko/LC_MESSAGES/pgscripts-17.mo
18 notice 5.7kB native/share/locale/ko/LC_MESSAGES/plperl-17.mo
18 notice 20.6kB native/share/locale/ko/LC_MESSAGES/plpgsql-17.mo
18 notice 11.5kB native/share/locale/ko/LC_MESSAGES/plpython-17.mo
18 notice 2.9kB native/share/locale/ko/LC_MESSAGES/pltcl-17.mo
18 notice 863.8kB native/share/locale/ko/LC_MESSAGES/postgres-17.mo
18 notice 119.4kB native/share/locale/ko/LC_MESSAGES/psql-17.mo
18 notice 5.8kB native/share/locale/nb/LC_MESSAGES/pg_config-17.mo
18 notice 14.4kB native/share/locale/pl/LC_MESSAGES/ecpg-17.mo
18 notice 3.8kB native/share/locale/pl/LC_MESSAGES/ecpglib6-17.mo
18 notice 23.4kB native/share/locale/pl/LC_MESSAGES/initdb-17.mo
18 notice 25.2kB native/share/locale/pl/LC_MESSAGES/libpq5-17.mo
18 notice 3.9kB native/share/locale/pl/LC_MESSAGES/pg_archivecleanup-17.mo
18 notice 32.5kB native/share/locale/pl/LC_MESSAGES/pg_basebackup-17.mo
18 notice 6.3kB native/share/locale/pl/LC_MESSAGES/pg_config-17.mo
18 notice 10.1kB native/share/locale/pl/LC_MESSAGES/pg_controldata-17.mo
18 notice 15.6kB native/share/locale/pl/LC_MESSAGES/pg_ctl-17.mo
18 notice 65.9kB native/share/locale/pl/LC_MESSAGES/pg_dump-17.mo
18 notice 13.4kB native/share/locale/pl/LC_MESSAGES/pg_resetwal-17.mo
18 notice 20.2kB native/share/locale/pl/LC_MESSAGES/pg_rewind-17.mo
18 notice 3.5kB native/share/locale/pl/LC_MESSAGES/pg_test_fsync-17.mo
18 notice 1.7kB native/share/locale/pl/LC_MESSAGES/pg_test_timing-17.mo
18 notice 26.8kB native/share/locale/pl/LC_MESSAGES/pgscripts-17.mo
18 notice 5.6kB native/share/locale/pl/LC_MESSAGES/plperl-17.mo
18 notice 19.9kB native/share/locale/pl/LC_MESSAGES/plpgsql-17.mo
18 notice 11.6kB native/share/locale/pl/LC_MESSAGES/plpython-17.mo
18 notice 2.6kB native/share/locale/pl/LC_MESSAGES/pltcl-17.mo
18 notice 602.1kB native/share/locale/pl/LC_MESSAGES/postgres-17.mo
18 notice 103.6kB native/share/locale/pl/LC_MESSAGES/psql-17.mo
18 notice 15.7kB native/share/locale/pt_BR/LC_MESSAGES/ecpg-17.mo
18 notice 3.7kB native/share/locale/pt_BR/LC_MESSAGES/ecpglib6-17.mo
18 notice 25.0kB native/share/locale/pt_BR/LC_MESSAGES/initdb-17.mo
18 notice 35.7kB native/share/locale/pt_BR/LC_MESSAGES/libpq5-17.mo
18 notice 3.6kB native/share/locale/pt_BR/LC_MESSAGES/pg_archivecleanup-17.mo
18 notice 28.9kB native/share/locale/pt_BR/LC_MESSAGES/pg_basebackup-17.mo
18 notice 7.2kB native/share/locale/pt_BR/LC_MESSAGES/pg_checksums-17.mo
18 notice 6.1kB native/share/locale/pt_BR/LC_MESSAGES/pg_config-17.mo
18 notice 11.5kB native/share/locale/pt_BR/LC_MESSAGES/pg_controldata-17.mo
18 notice 19.4kB native/share/locale/pt_BR/LC_MESSAGES/pg_ctl-17.mo
18 notice 62.8kB native/share/locale/pt_BR/LC_MESSAGES/pg_dump-17.mo
18 notice 14.7kB native/share/locale/pt_BR/LC_MESSAGES/pg_resetwal-17.mo
18 notice 20.3kB native/share/locale/pt_BR/LC_MESSAGES/pg_rewind-17.mo
18 notice 4.1kB native/share/locale/pt_BR/LC_MESSAGES/pg_test_fsync-17.mo
18 notice 1.7kB native/share/locale/pt_BR/LC_MESSAGES/pg_test_timing-17.mo
18 notice 28.7kB native/share/locale/pt_BR/LC_MESSAGES/pgscripts-17.mo
18 notice 5.7kB native/share/locale/pt_BR/LC_MESSAGES/plperl-17.mo
18 notice 20.1kB native/share/locale/pt_BR/LC_MESSAGES/plpgsql-17.mo
18 notice 11.3kB native/share/locale/pt_BR/LC_MESSAGES/plpython-17.mo
18 notice 2.7kB native/share/locale/pt_BR/LC_MESSAGES/pltcl-17.mo
18 notice 706.6kB native/share/locale/pt_BR/LC_MESSAGES/postgres-17.mo
18 notice 121.8kB native/share/locale/pt_BR/LC_MESSAGES/psql-17.mo
18 notice 6.7kB native/share/locale/ro/LC_MESSAGES/pg_config-17.mo
18 notice 5.0kB native/share/locale/ro/LC_MESSAGES/plperl-17.mo
18 notice 17.9kB native/share/locale/ro/LC_MESSAGES/plpgsql-17.mo
18 notice 1.1kB native/share/locale/ro/LC_MESSAGES/pltcl-17.mo
18 notice 19.8kB native/share/locale/ru/LC_MESSAGES/ecpg-17.mo
18 notice 4.6kB native/share/locale/ru/LC_MESSAGES/ecpglib6-17.mo
18 notice 34.4kB native/share/locale/ru/LC_MESSAGES/initdb-17.mo
18 notice 46.4kB native/share/locale/ru/LC_MESSAGES/libpq5-17.mo
18 notice 18.5kB native/share/locale/ru/LC_MESSAGES/pg_amcheck-17.mo
18 notice 5.4kB native/share/locale/ru/LC_MESSAGES/pg_archivecleanup-17.mo
18 notice 81.7kB native/share/locale/ru/LC_MESSAGES/pg_basebackup-17.mo
18 notice 11.1kB native/share/locale/ru/LC_MESSAGES/pg_checksums-17.mo
18 notice 25.8kB native/share/locale/ru/LC_MESSAGES/pg_combinebackup-17.mo
18 notice 8.1kB native/share/locale/ru/LC_MESSAGES/pg_config-17.mo
18 notice 13.0kB native/share/locale/ru/LC_MESSAGES/pg_controldata-17.mo
18 notice 24.8kB native/share/locale/ru/LC_MESSAGES/pg_ctl-17.mo
18 notice 91.0kB native/share/locale/ru/LC_MESSAGES/pg_dump-17.mo
18 notice 20.3kB native/share/locale/ru/LC_MESSAGES/pg_resetwal-17.mo
18 notice 34.4kB native/share/locale/ru/LC_MESSAGES/pg_rewind-17.mo
18 notice 5.7kB native/share/locale/ru/LC_MESSAGES/pg_test_fsync-17.mo
18 notice 2.5kB native/share/locale/ru/LC_MESSAGES/pg_test_timing-17.mo
18 notice 72.4kB native/share/locale/ru/LC_MESSAGES/pg_upgrade-17.mo
18 notice 17.4kB native/share/locale/ru/LC_MESSAGES/pg_verifybackup-17.mo
18 notice 19.9kB native/share/locale/ru/LC_MESSAGES/pg_waldump-17.mo
18 notice 4.1kB native/share/locale/ru/LC_MESSAGES/pg_walsummary-17.mo
18 notice 39.8kB native/share/locale/ru/LC_MESSAGES/pgscripts-17.mo
18 notice 7.3kB native/share/locale/ru/LC_MESSAGES/plperl-17.mo
18 notice 25.9kB native/share/locale/ru/LC_MESSAGES/plpgsql-17.mo
18 notice 14.4kB native/share/locale/ru/LC_MESSAGES/plpython-17.mo
18 notice 3.7kB native/share/locale/ru/LC_MESSAGES/pltcl-17.mo
18 notice 1.1MB native/share/locale/ru/LC_MESSAGES/postgres-17.mo
18 notice 152.8kB native/share/locale/ru/LC_MESSAGES/psql-17.mo
18 notice 14.8kB native/share/locale/sv/LC_MESSAGES/ecpg-17.mo
18 notice 3.6kB native/share/locale/sv/LC_MESSAGES/ecpglib6-17.mo
18 notice 26.1kB native/share/locale/sv/LC_MESSAGES/initdb-17.mo
18 notice 34.8kB native/share/locale/sv/LC_MESSAGES/libpq5-17.mo
18 notice 14.3kB native/share/locale/sv/LC_MESSAGES/pg_amcheck-17.mo
18 notice 4.1kB native/share/locale/sv/LC_MESSAGES/pg_archivecleanup-17.mo
18 notice 61.2kB native/share/locale/sv/LC_MESSAGES/pg_basebackup-17.mo
18 notice 8.6kB native/share/locale/sv/LC_MESSAGES/pg_checksums-17.mo
18 notice 19.0kB native/share/locale/sv/LC_MESSAGES/pg_combinebackup-17.mo
18 notice 6.3kB native/share/locale/sv/LC_MESSAGES/pg_config-17.mo
18 notice 10.7kB native/share/locale/sv/LC_MESSAGES/pg_controldata-17.mo
18 notice 19.1kB native/share/locale/sv/LC_MESSAGES/pg_ctl-17.mo
18 notice 68.7kB native/share/locale/sv/LC_MESSAGES/pg_dump-17.mo
18 notice 16.0kB native/share/locale/sv/LC_MESSAGES/pg_resetwal-17.mo
18 notice 25.0kB native/share/locale/sv/LC_MESSAGES/pg_rewind-17.mo
18 notice 4.2kB native/share/locale/sv/LC_MESSAGES/pg_test_fsync-17.mo
18 notice 1.8kB native/share/locale/sv/LC_MESSAGES/pg_test_timing-17.mo
18 notice 52.8kB native/share/locale/sv/LC_MESSAGES/pg_upgrade-17.mo
18 notice 12.8kB native/share/locale/sv/LC_MESSAGES/pg_verifybackup-17.mo
18 notice 14.6kB native/share/locale/sv/LC_MESSAGES/pg_waldump-17.mo
18 notice 3.1kB native/share/locale/sv/LC_MESSAGES/pg_walsummary-17.mo
18 notice 30.7kB native/share/locale/sv/LC_MESSAGES/pgscripts-17.mo
18 notice 5.6kB native/share/locale/sv/LC_MESSAGES/plperl-17.mo
18 notice 19.5kB native/share/locale/sv/LC_MESSAGES/plpgsql-17.mo
18 notice 10.8kB native/share/locale/sv/LC_MESSAGES/plpython-17.mo
18 notice 2.8kB native/share/locale/sv/LC_MESSAGES/pltcl-17.mo
18 notice 791.9kB native/share/locale/sv/LC_MESSAGES/postgres-17.mo
18 notice 116.4kB native/share/locale/sv/LC_MESSAGES/psql-17.mo
18 notice 10.0kB native/share/locale/ta/LC_MESSAGES/pg_config-17.mo
18 notice 15.0kB native/share/locale/tr/LC_MESSAGES/ecpg-17.mo
18 notice 3.9kB native/share/locale/tr/LC_MESSAGES/ecpglib6-17.mo
18 notice 23.3kB native/share/locale/tr/LC_MESSAGES/initdb-17.mo
18 notice 28.5kB native/share/locale/tr/LC_MESSAGES/libpq5-17.mo
18 notice 3.5kB native/share/locale/tr/LC_MESSAGES/pg_archivecleanup-17.mo
18 notice 33.7kB native/share/locale/tr/LC_MESSAGES/pg_basebackup-17.mo
18 notice 6.5kB native/share/locale/tr/LC_MESSAGES/pg_checksums-17.mo
18 notice 6.3kB native/share/locale/tr/LC_MESSAGES/pg_config-17.mo
18 notice 10.4kB native/share/locale/tr/LC_MESSAGES/pg_controldata-17.mo
18 notice 15.7kB native/share/locale/tr/LC_MESSAGES/pg_ctl-17.mo
18 notice 64.5kB native/share/locale/tr/LC_MESSAGES/pg_dump-17.mo
18 notice 14.1kB native/share/locale/tr/LC_MESSAGES/pg_resetwal-17.mo
18 notice 18.8kB native/share/locale/tr/LC_MESSAGES/pg_rewind-17.mo
18 notice 3.5kB native/share/locale/tr/LC_MESSAGES/pg_test_fsync-17.mo
18 notice 1.5kB native/share/locale/tr/LC_MESSAGES/pg_test_timing-17.mo
18 notice 42.3kB native/share/locale/tr/LC_MESSAGES/pg_upgrade-17.mo
18 notice 7.4kB native/share/locale/tr/LC_MESSAGES/pg_waldump-17.mo
18 notice 26.4kB native/share/locale/tr/LC_MESSAGES/pgscripts-17.mo
18 notice 5.5kB native/share/locale/tr/LC_MESSAGES/plperl-17.mo
18 notice 20.0kB native/share/locale/tr/LC_MESSAGES/plpgsql-17.mo
18 notice 11.3kB native/share/locale/tr/LC_MESSAGES/plpython-17.mo
18 notice 2.6kB native/share/locale/tr/LC_MESSAGES/pltcl-17.mo
18 notice 593.9kB native/share/locale/tr/LC_MESSAGES/postgres-17.mo
18 notice 93.8kB native/share/locale/tr/LC_MESSAGES/psql-17.mo
18 notice 19.6kB native/share/locale/uk/LC_MESSAGES/ecpg-17.mo
18 notice 4.8kB native/share/locale/uk/LC_MESSAGES/ecpglib6-17.mo
18 notice 34.3kB native/share/locale/uk/LC_MESSAGES/initdb-17.mo
18 notice 47.3kB native/share/locale/uk/LC_MESSAGES/libpq5-17.mo
18 notice 18.3kB native/share/locale/uk/LC_MESSAGES/pg_amcheck-17.mo
18 notice 5.5kB native/share/locale/uk/LC_MESSAGES/pg_archivecleanup-17.mo
18 notice 82.3kB native/share/locale/uk/LC_MESSAGES/pg_basebackup-17.mo
18 notice 11.3kB native/share/locale/uk/LC_MESSAGES/pg_checksums-17.mo
18 notice 25.6kB native/share/locale/uk/LC_MESSAGES/pg_combinebackup-17.mo
18 notice 7.6kB native/share/locale/uk/LC_MESSAGES/pg_config-17.mo
18 notice 13.6kB native/share/locale/uk/LC_MESSAGES/pg_controldata-17.mo
18 notice 24.6kB native/share/locale/uk/LC_MESSAGES/pg_ctl-17.mo
18 notice 90.9kB native/share/locale/uk/LC_MESSAGES/pg_dump-17.mo
18 notice 20.5kB native/share/locale/uk/LC_MESSAGES/pg_resetwal-17.mo
18 notice 34.1kB native/share/locale/uk/LC_MESSAGES/pg_rewind-17.mo
18 notice 5.6kB native/share/locale/uk/LC_MESSAGES/pg_test_fsync-17.mo
18 notice 2.7kB native/share/locale/uk/LC_MESSAGES/pg_test_timing-17.mo
18 notice 70.6kB native/share/locale/uk/LC_MESSAGES/pg_upgrade-17.mo
18 notice 17.3kB native/share/locale/uk/LC_MESSAGES/pg_verifybackup-17.mo
18 notice 19.6kB native/share/locale/uk/LC_MESSAGES/pg_waldump-17.mo
18 notice 4.2kB native/share/locale/uk/LC_MESSAGES/pg_walsummary-17.mo
18 notice 38.8kB native/share/locale/uk/LC_MESSAGES/pgscripts-17.mo
18 notice 7.3kB native/share/locale/uk/LC_MESSAGES/plperl-17.mo
18 notice 25.6kB native/share/locale/uk/LC_MESSAGES/plpgsql-17.mo
18 notice 14.2kB native/share/locale/uk/LC_MESSAGES/plpython-17.mo
18 notice 3.8kB native/share/locale/uk/LC_MESSAGES/pltcl-17.mo
18 notice 1.1MB native/share/locale/uk/LC_MESSAGES/postgres-17.mo
18 notice 149.4kB native/share/locale/uk/LC_MESSAGES/psql-17.mo
18 notice 15.6kB native/share/locale/vi/LC_MESSAGES/ecpg-17.mo
18 notice 4.0kB native/share/locale/vi/LC_MESSAGES/ecpglib6-17.mo
18 notice 25.2kB native/share/locale/vi/LC_MESSAGES/initdb-17.mo
18 notice 4.0kB native/share/locale/vi/LC_MESSAGES/pg_archivecleanup-17.mo
18 notice 36.6kB native/share/locale/vi/LC_MESSAGES/pg_basebackup-17.mo
18 notice 6.7kB native/share/locale/vi/LC_MESSAGES/pg_config-17.mo
18 notice 11.3kB native/share/locale/vi/LC_MESSAGES/pg_controldata-17.mo
18 notice 3.9kB native/share/locale/vi/LC_MESSAGES/pg_test_fsync-17.mo
18 notice 1.7kB native/share/locale/vi/LC_MESSAGES/pg_test_timing-17.mo
18 notice 7.4kB native/share/locale/vi/LC_MESSAGES/pg_waldump-17.mo
18 notice 6.0kB native/share/locale/vi/LC_MESSAGES/plperl-17.mo
18 notice 20.4kB native/share/locale/vi/LC_MESSAGES/plpgsql-17.mo
18 notice 11.9kB native/share/locale/vi/LC_MESSAGES/plpython-17.mo
18 notice 2.7kB native/share/locale/vi/LC_MESSAGES/pltcl-17.mo
18 notice 14.3kB native/share/locale/zh_CN/LC_MESSAGES/ecpg-17.mo
18 notice 3.6kB native/share/locale/zh_CN/LC_MESSAGES/ecpglib6-17.mo
18 notice 24.3kB native/share/locale/zh_CN/LC_MESSAGES/initdb-17.mo
18 notice 27.1kB native/share/locale/zh_CN/LC_MESSAGES/libpq5-17.mo
18 notice 11.0kB native/share/locale/zh_CN/LC_MESSAGES/pg_amcheck-17.mo
18 notice 3.9kB native/share/locale/zh_CN/LC_MESSAGES/pg_archivecleanup-17.mo
18 notice 31.2kB native/share/locale/zh_CN/LC_MESSAGES/pg_basebackup-17.mo
18 notice 6.0kB native/share/locale/zh_CN/LC_MESSAGES/pg_checksums-17.mo
18 notice 6.2kB native/share/locale/zh_CN/LC_MESSAGES/pg_config-17.mo
18 notice 10.2kB native/share/locale/zh_CN/LC_MESSAGES/pg_controldata-17.mo
18 notice 17.5kB native/share/locale/zh_CN/LC_MESSAGES/pg_ctl-17.mo
18 notice 58.9kB native/share/locale/zh_CN/LC_MESSAGES/pg_dump-17.mo
18 notice 13.4kB native/share/locale/zh_CN/LC_MESSAGES/pg_resetwal-17.mo
18 notice 21.5kB native/share/locale/zh_CN/LC_MESSAGES/pg_rewind-17.mo
18 notice 3.2kB native/share/locale/zh_CN/LC_MESSAGES/pg_test_fsync-17.mo
18 notice 1.6kB native/share/locale/zh_CN/LC_MESSAGES/pg_test_timing-17.mo
18 notice 42.4kB native/share/locale/zh_CN/LC_MESSAGES/pg_upgrade-17.mo
18 notice 9.6kB native/share/locale/zh_CN/LC_MESSAGES/pg_verifybackup-17.mo
18 notice 6.9kB native/share/locale/zh_CN/LC_MESSAGES/pg_waldump-17.mo
18 notice 27.0kB native/share/locale/zh_CN/LC_MESSAGES/pgscripts-17.mo
18 notice 5.1kB native/share/locale/zh_CN/LC_MESSAGES/plperl-17.mo
18 notice 17.9kB native/share/locale/zh_CN/LC_MESSAGES/plpgsql-17.mo
18 notice 10.4kB native/share/locale/zh_CN/LC_MESSAGES/plpython-17.mo
18 notice 2.6kB native/share/locale/zh_CN/LC_MESSAGES/pltcl-17.mo
18 notice 614.1kB native/share/locale/zh_CN/LC_MESSAGES/postgres-17.mo
18 notice 108.3kB native/share/locale/zh_CN/LC_MESSAGES/psql-17.mo
18 notice 14.1kB native/share/locale/zh_TW/LC_MESSAGES/ecpg-17.mo
18 notice 3.4kB native/share/locale/zh_TW/LC_MESSAGES/ecpglib6-17.mo
18 notice 22.7kB native/share/locale/zh_TW/LC_MESSAGES/initdb-17.mo
18 notice 30.6kB native/share/locale/zh_TW/LC_MESSAGES/libpq5-17.mo
18 notice 11.4kB native/share/locale/zh_TW/LC_MESSAGES/pg_amcheck-17.mo
18 notice 6.2kB native/share/locale/zh_TW/LC_MESSAGES/pg_checksums-17.mo
18 notice 5.6kB native/share/locale/zh_TW/LC_MESSAGES/pg_config-17.mo
18 notice 10.0kB native/share/locale/zh_TW/LC_MESSAGES/pg_controldata-17.mo
18 notice 17.7kB native/share/locale/zh_TW/LC_MESSAGES/pg_ctl-17.mo
18 notice 60.2kB native/share/locale/zh_TW/LC_MESSAGES/pg_dump-17.mo
18 notice 22.7kB native/share/locale/zh_TW/LC_MESSAGES/pg_rewind-17.mo
18 notice 3.8kB native/share/locale/zh_TW/LC_MESSAGES/pg_test_fsync-17.mo
18 notice 1.5kB native/share/locale/zh_TW/LC_MESSAGES/pg_test_timing-17.mo
18 notice 10.1kB native/share/locale/zh_TW/LC_MESSAGES/pg_verifybackup-17.mo
18 notice 13.8kB native/share/locale/zh_TW/LC_MESSAGES/pg_waldump-17.mo
18 notice 5.1kB native/share/locale/zh_TW/LC_MESSAGES/plperl-17.mo
18 notice 15.5kB native/share/locale/zh_TW/LC_MESSAGES/plpgsql-17.mo
18 notice 10.0kB native/share/locale/zh_TW/LC_MESSAGES/plpython-17.mo
18 notice 2.5kB native/share/locale/zh_TW/LC_MESSAGES/pltcl-17.mo
18 notice 108.8kB native/share/locale/zh_TW/LC_MESSAGES/psql-17.mo
18 notice 5.6kB native/share/pg_hba.conf.sample
18 notice 2.6kB native/share/pg_ident.conf.sample
18 notice 604B native/share/pg_service.conf.sample
18 notice 964.9kB native/share/postgres.bki
18 notice 30.7kB native/share/postgresql.conf.sample
18 notice 278B native/share/psqlrc.sample
18 notice 45.4kB native/share/snowball_create.sql
18 notice 35.7kB native/share/sql_features.txt
18 notice 9.1kB native/share/system_constraints.sql
18 notice 24.3kB native/share/system_functions.sql
18 notice 51.7kB native/share/system_views.sql
18 notice 130B native/share/timezone/Africa/Abidjan
18 notice 130B native/share/timezone/Africa/Accra
18 notice 191B native/share/timezone/Africa/Addis_Ababa
18 notice 470B native/share/timezone/Africa/Algiers
18 notice 191B native/share/timezone/Africa/Asmara
18 notice 191B native/share/timezone/Africa/Asmera
18 notice 130B native/share/timezone/Africa/Bamako
18 notice 180B native/share/timezone/Africa/Bangui
18 notice 130B native/share/timezone/Africa/Banjul
18 notice 149B native/share/timezone/Africa/Bissau
18 notice 131B native/share/timezone/Africa/Blantyre
18 notice 180B native/share/timezone/Africa/Brazzaville
18 notice 131B native/share/timezone/Africa/Bujumbura
18 notice 1.3kB native/share/timezone/Africa/Cairo
18 notice 1.9kB native/share/timezone/Africa/Casablanca
18 notice 562B native/share/timezone/Africa/Ceuta
18 notice 130B native/share/timezone/Africa/Conakry
18 notice 130B native/share/timezone/Africa/Dakar
18 notice 191B native/share/timezone/Africa/Dar_es_Salaam
18 notice 191B native/share/timezone/Africa/Djibouti
18 notice 180B native/share/timezone/Africa/Douala
18 notice 1.8kB native/share/timezone/Africa/El_Aaiun
18 notice 130B native/share/timezone/Africa/Freetown
18 notice 131B native/share/timezone/Africa/Gaborone
18 notice 131B native/share/timezone/Africa/Harare
18 notice 190B native/share/timezone/Africa/Johannesburg
18 notice 458B native/share/timezone/Africa/Juba
18 notice 191B native/share/timezone/Africa/Kampala
18 notice 458B native/share/timezone/Africa/Khartoum
18 notice 131B native/share/timezone/Africa/Kigali
18 notice 180B native/share/timezone/Africa/Kinshasa
18 notice 180B native/share/timezone/Africa/Lagos
18 notice 180B native/share/timezone/Africa/Libreville
18 notice 130B native/share/timezone/Africa/Lome
18 notice 180B native/share/timezone/Africa/Luanda
18 notice 131B native/share/timezone/Africa/Lubumbashi
18 notice 131B native/share/timezone/Africa/Lusaka
18 notice 180B native/share/timezone/Africa/Malabo
18 notice 131B native/share/timezone/Africa/Maputo
18 notice 190B native/share/timezone/Africa/Maseru
18 notice 190B native/share/timezone/Africa/Mbabane
18 notice 191B native/share/timezone/Africa/Mogadishu
18 notice 164B native/share/timezone/Africa/Monrovia
18 notice 191B native/share/timezone/Africa/Nairobi
18 notice 160B native/share/timezone/Africa/Ndjamena
18 notice 180B native/share/timezone/Africa/Niamey
18 notice 130B native/share/timezone/Africa/Nouakchott
18 notice 130B native/share/timezone/Africa/Ouagadougou
18 notice 180B native/share/timezone/Africa/Porto-Novo
18 notice 173B native/share/timezone/Africa/Sao_Tome
18 notice 130B native/share/timezone/Africa/Timbuktu
18 notice 431B native/share/timezone/Africa/Tripoli
18 notice 449B native/share/timezone/Africa/Tunis
18 notice 638B native/share/timezone/Africa/Windhoek
18 notice 969B native/share/timezone/America/Adak
18 notice 977B native/share/timezone/America/Anchorage
18 notice 177B native/share/timezone/America/Anguilla
18 notice 177B native/share/timezone/America/Antigua
18 notice 592B native/share/timezone/America/Araguaina
18 notice 708B native/share/timezone/America/Argentina/Buenos_Aires
18 notice 708B native/share/timezone/America/Argentina/Catamarca
18 notice 708B native/share/timezone/America/Argentina/ComodRivadavia
18 notice 708B native/share/timezone/America/Argentina/Cordoba
18 notice 690B native/share/timezone/America/Argentina/Jujuy
18 notice 717B native/share/timezone/America/Argentina/La_Rioja
18 notice 708B native/share/timezone/America/Argentina/Mendoza
18 notice 708B native/share/timezone/America/Argentina/Rio_Gallegos
18 notice 690B native/share/timezone/America/Argentina/Salta
18 notice 717B native/share/timezone/America/Argentina/San_Juan
18 notice 717B native/share/timezone/America/Argentina/San_Luis
18 notice 726B native/share/timezone/America/Argentina/Tucuman
18 notice 708B native/share/timezone/America/Argentina/Ushuaia
18 notice 177B native/share/timezone/America/Aruba
18 notice 1.1kB native/share/timezone/America/Asuncion
18 notice 149B native/share/timezone/America/Atikokan
18 notice 969B native/share/timezone/America/Atka
18 notice 682B native/share/timezone/America/Bahia
18 notice 700B native/share/timezone/America/Bahia_Banderas
18 notice 278B native/share/timezone/America/Barbados
18 notice 394B native/share/timezone/America/Belem
18 notice 1.0kB native/share/timezone/America/Belize
18 notice 177B native/share/timezone/America/Blanc-Sablon
18 notice 430B native/share/timezone/America/Boa_Vista
18 notice 179B native/share/timezone/America/Bogota
18 notice 999B native/share/timezone/America/Boise
18 notice 708B native/share/timezone/America/Buenos_Aires
18 notice 883B native/share/timezone/America/Cambridge_Bay
18 notice 952B native/share/timezone/America/Campo_Grande
18 notice 538B native/share/timezone/America/Cancun
18 notice 190B native/share/timezone/America/Caracas
18 notice 708B native/share/timezone/America/Catamarca
18 notice 151B native/share/timezone/America/Cayenne
18 notice 149B native/share/timezone/America/Cayman
18 notice 1.8kB native/share/timezone/America/Chicago
18 notice 691B native/share/timezone/America/Chihuahua
18 notice 718B native/share/timezone/America/Ciudad_Juarez
18 notice 149B native/share/timezone/America/Coral_Harbour
18 notice 708B native/share/timezone/America/Cordoba
18 notice 232B native/share/timezone/America/Costa_Rica
18 notice 1.4kB native/share/timezone/America/Coyhaique
18 notice 240B native/share/timezone/America/Creston
18 notice 934B native/share/timezone/America/Cuiaba
18 notice 177B native/share/timezone/America/Curacao
18 notice 447B native/share/timezone/America/Danmarkshavn
18 notice 1.0kB native/share/timezone/America/Dawson
18 notice 683B native/share/timezone/America/Dawson_Creek
18 notice 1.0kB native/share/timezone/America/Denver
18 notice 899B native/share/timezone/America/Detroit
18 notice 177B native/share/timezone/America/Dominica
18 notice 970B native/share/timezone/America/Edmonton
18 notice 436B native/share/timezone/America/Eirunepe
18 notice 176B native/share/timezone/America/El_Salvador
18 notice 1.1kB native/share/timezone/America/Ensenada
18 notice 1.4kB native/share/timezone/America/Fort_Nelson
18 notice 531B native/share/timezone/America/Fort_Wayne
18 notice 484B native/share/timezone/America/Fortaleza
18 notice 880B native/share/timezone/America/Glace_Bay
18 notice 965B native/share/timezone/America/Godthab
18 notice 1.6kB native/share/timezone/America/Goose_Bay
18 notice 853B native/share/timezone/America/Grand_Turk
18 notice 177B native/share/timezone/America/Grenada
18 notice 177B native/share/timezone/America/Guadeloupe
18 notice 212B native/share/timezone/America/Guatemala
18 notice 179B native/share/timezone/America/Guayaquil
18 notice 181B native/share/timezone/America/Guyana
18 notice 1.7kB native/share/timezone/America/Halifax
18 notice 1.1kB native/share/timezone/America/Havana
18 notice 258B native/share/timezone/America/Hermosillo
18 notice 531B native/share/timezone/America/Indiana/Indianapolis
18 notice 1.0kB native/share/timezone/America/Indiana/Knox
18 notice 567B native/share/timezone/America/Indiana/Marengo
18 notice 683B native/share/timezone/America/Indiana/Petersburg
18 notice 522B native/share/timezone/America/Indiana/Tell_City
18 notice 369B native/share/timezone/America/Indiana/Vevay
18 notice 558B native/share/timezone/America/Indiana/Vincennes
18 notice 612B native/share/timezone/America/Indiana/Winamac
18 notice 531B native/share/timezone/America/Indianapolis
18 notice 817B native/share/timezone/America/Inuvik
18 notice 855B native/share/timezone/America/Iqaluit
18 notice 339B native/share/timezone/America/Jamaica
18 notice 690B native/share/timezone/America/Jujuy
18 notice 966B native/share/timezone/America/Juneau
18 notice 1.2kB native/share/timezone/America/Kentucky/Louisville
18 notice 972B native/share/timezone/America/Kentucky/Monticello
18 notice 1.0kB native/share/timezone/America/Knox_IN
18 notice 177B native/share/timezone/America/Kralendijk
18 notice 170B native/share/timezone/America/La_Paz
18 notice 283B native/share/timezone/America/Lima
18 notice 1.3kB native/share/timezone/America/Los_Angeles
18 notice 1.2kB native/share/timezone/America/Louisville
18 notice 177B native/share/timezone/America/Lower_Princes
18 notice 502B native/share/timezone/America/Maceio
18 notice 295B native/share/timezone/America/Managua
18 notice 412B native/share/timezone/America/Manaus
18 notice 177B native/share/timezone/America/Marigot
18 notice 178B native/share/timezone/America/Martinique
18 notice 437B native/share/timezone/America/Matamoros
18 notice 690B native/share/timezone/America/Mazatlan
18 notice 708B native/share/timezone/America/Mendoza
18 notice 917B native/share/timezone/America/Menominee
18 notice 654B native/share/timezone/America/Merida
18 notice 595B native/share/timezone/America/Metlakatla
18 notice 773B native/share/timezone/America/Mexico_City
18 notice 550B native/share/timezone/America/Miquelon
18 notice 1.5kB native/share/timezone/America/Moncton
18 notice 709B native/share/timezone/America/Monterrey
18 notice 969B native/share/timezone/America/Montevideo
18 notice 1.7kB native/share/timezone/America/Montreal
18 notice 177B native/share/timezone/America/Montserrat
18 notice 1.7kB native/share/timezone/America/Nassau
18 notice 1.7kB native/share/timezone/America/New_York
18 notice 1.7kB native/share/timezone/America/Nipigon
18 notice 975B native/share/timezone/America/Nome
18 notice 484B native/share/timezone/America/Noronha
18 notice 1.0kB native/share/timezone/America/North_Dakota/Beulah
18 notice 990B native/share/timezone/America/North_Dakota/Center
18 notice 990B native/share/timezone/America/North_Dakota/New_Salem
18 notice 965B native/share/timezone/America/Nuuk
18 notice 709B native/share/timezone/America/Ojinaga
18 notice 149B native/share/timezone/America/Panama
18 notice 855B native/share/timezone/America/Pangnirtung
18 notice 187B native/share/timezone/America/Paramaribo
18 notice 240B native/share/timezone/America/Phoenix
18 notice 177B native/share/timezone/America/Port_of_Spain
18 notice 565B native/share/timezone/America/Port-au-Prince
18 notice 418B native/share/timezone/America/Porto_Acre
18 notice 394B native/share/timezone/America/Porto_Velho
18 notice 177B native/share/timezone/America/Puerto_Rico
18 notice 1.2kB native/share/timezone/America/Punta_Arenas
18 notice 1.3kB native/share/timezone/America/Rainy_River
18 notice 807B native/share/timezone/America/Rankin_Inlet
18 notice 484B native/share/timezone/America/Recife
18 notice 638B native/share/timezone/America/Regina
18 notice 807B native/share/timezone/America/Resolute
18 notice 418B native/share/timezone/America/Rio_Branco
18 notice 708B native/share/timezone/America/Rosario
18 notice 1.1kB native/share/timezone/America/Santa_Isabel
18 notice 409B native/share/timezone/America/Santarem
18 notice 1.4kB native/share/timezone/America/Santiago
18 notice 317B native/share/timezone/America/Santo_Domingo
18 notice 952B native/share/timezone/America/Sao_Paulo
18 notice 984B native/share/timezone/America/Scoresbysund
18 notice 1.0kB native/share/timezone/America/Shiprock
18 notice 956B native/share/timezone/America/Sitka
18 notice 177B native/share/timezone/America/St_Barthelemy
18 notice 1.9kB native/share/timezone/America/St_Johns
18 notice 177B native/share/timezone/America/St_Kitts
18 notice 177B native/share/timezone/America/St_Lucia
18 notice 177B native/share/timezone/America/St_Thomas
18 notice 177B native/share/timezone/America/St_Vincent
18 notice 368B native/share/timezone/America/Swift_Current
18 notice 194B native/share/timezone/America/Tegucigalpa
18 notice 455B native/share/timezone/America/Thule
18 notice 1.7kB native/share/timezone/America/Thunder_Bay
18 notice 1.1kB native/share/timezone/America/Tijuana
18 notice 1.7kB native/share/timezone/America/Toronto
18 notice 177B native/share/timezone/America/Tortola
18 notice 1.3kB native/share/timezone/America/Vancouver
18 notice 177B native/share/timezone/America/Virgin
18 notice 1.0kB native/share/timezone/America/Whitehorse
18 notice 1.3kB native/share/timezone/America/Winnipeg
18 notice 946B native/share/timezone/America/Yakutat
18 notice 970B native/share/timezone/America/Yellowknife
18 notice 287B native/share/timezone/Antarctica/Casey
18 notice 197B native/share/timezone/Antarctica/Davis
18 notice 154B native/share/timezone/Antarctica/DumontDUrville
18 notice 976B native/share/timezone/Antarctica/Macquarie
18 notice 152B native/share/timezone/Antarctica/Mawson
18 notice 1.0kB native/share/timezone/Antarctica/McMurdo
18 notice 887B native/share/timezone/Antarctica/Palmer
18 notice 132B native/share/timezone/Antarctica/Rothera
18 notice 1.0kB native/share/timezone/Antarctica/South_Pole
18 notice 133B native/share/timezone/Antarctica/Syowa
18 notice 177B native/share/timezone/Antarctica/Troll
18 notice 170B native/share/timezone/Antarctica/Vostok
18 notice 705B native/share/timezone/Arctic/Longyearbyen
18 notice 133B native/share/timezone/Asia/Aden
18 notice 618B native/share/timezone/Asia/Almaty
18 notice 928B native/share/timezone/Asia/Amman
18 notice 743B native/share/timezone/Asia/Anadyr
18 notice 606B native/share/timezone/Asia/Aqtau
18 notice 615B native/share/timezone/Asia/Aqtobe
18 notice 375B native/share/timezone/Asia/Ashgabat
18 notice 375B native/share/timezone/Asia/Ashkhabad
18 notice 616B native/share/timezone/Asia/Atyrau
18 notice 630B native/share/timezone/Asia/Baghdad
18 notice 152B native/share/timezone/Asia/Bahrain
18 notice 744B native/share/timezone/Asia/Baku
18 notice 152B native/share/timezone/Asia/Bangkok
18 notice 753B native/share/timezone/Asia/Barnaul
18 notice 732B native/share/timezone/Asia/Beirut
18 notice 618B native/share/timezone/Asia/Bishkek
18 notice 320B native/share/timezone/Asia/Brunei
18 notice 220B native/share/timezone/Asia/Calcutta
18 notice 750B native/share/timezone/Asia/Chita
18 notice 594B native/share/timezone/Asia/Choibalsan
18 notice 393B native/share/timezone/Asia/Chongqing
18 notice 393B native/share/timezone/Asia/Chungking
18 notice 247B native/share/timezone/Asia/Colombo
18 notice 231B native/share/timezone/Asia/Dacca
18 notice 1.2kB native/share/timezone/Asia/Damascus
18 notice 231B native/share/timezone/Asia/Dhaka
18 notice 170B native/share/timezone/Asia/Dili
18 notice 133B native/share/timezone/Asia/Dubai
18 notice 366B native/share/timezone/Asia/Dushanbe
18 notice 940B native/share/timezone/Asia/Famagusta
18 notice 2.4kB native/share/timezone/Asia/Gaza
18 notice 393B native/share/timezone/Asia/Harbin
18 notice 2.5kB native/share/timezone/Asia/Hebron
18 notice 236B native/share/timezone/Asia/Ho_Chi_Minh
18 notice 775B native/share/timezone/Asia/Hong_Kong
18 notice 594B native/share/timezone/Asia/Hovd
18 notice 760B native/share/timezone/Asia/Irkutsk
18 notice 1.2kB native/share/timezone/Asia/Istanbul
18 notice 248B native/share/timezone/Asia/Jakarta
18 notice 171B native/share/timezone/Asia/Jayapura
18 notice 1.1kB native/share/timezone/Asia/Jerusalem
18 notice 159B native/share/timezone/Asia/Kabul
18 notice 727B native/share/timezone/Asia/Kamchatka
18 notice 266B native/share/timezone/Asia/Karachi
18 notice 133B native/share/timezone/Asia/Kashgar
18 notice 161B native/share/timezone/Asia/Kathmandu
18 notice 161B native/share/timezone/Asia/Katmandu
18 notice 775B native/share/timezone/Asia/Khandyga
18 notice 220B native/share/timezone/Asia/Kolkata
18 notice 741B native/share/timezone/Asia/Krasnoyarsk
18 notice 256B native/share/timezone/Asia/Kuala_Lumpur
18 notice 320B native/share/timezone/Asia/Kuching
18 notice 133B native/share/timezone/Asia/Kuwait
18 notice 791B native/share/timezone/Asia/Macao
18 notice 791B native/share/timezone/Asia/Macau
18 notice 751B native/share/timezone/Asia/Magadan
18 notice 190B native/share/timezone/Asia/Makassar
18 notice 274B native/share/timezone/Asia/Manila
18 notice 133B native/share/timezone/Asia/Muscat
18 notice 597B native/share/timezone/Asia/Nicosia
18 notice 726B native/share/timezone/Asia/Novokuznetsk
18 notice 753B native/share/timezone/Asia/Novosibirsk
18 notice 741B native/share/timezone/Asia/Omsk
18 notice 625B native/share/timezone/Asia/Oral
18 notice 152B native/share/timezone/Asia/Phnom_Penh
18 notice 247B native/share/timezone/Asia/Pontianak
18 notice 183B native/share/timezone/Asia/Pyongyang
18 notice 152B native/share/timezone/Asia/Qatar
18 notice 624B native/share/timezone/Asia/Qostanay
18 notice 624B native/share/timezone/Asia/Qyzylorda
18 notice 187B native/share/timezone/Asia/Rangoon
18 notice 133B native/share/timezone/Asia/Riyadh
18 notice 236B native/share/timezone/Asia/Saigon
18 notice 755B native/share/timezone/Asia/Sakhalin
18 notice 366B native/share/timezone/Asia/Samarkand
18 notice 415B native/share/timezone/Asia/Seoul
18 notice 393B native/share/timezone/Asia/Shanghai
18 notice 256B native/share/timezone/Asia/Singapore
18 notice 742B native/share/timezone/Asia/Srednekolymsk
18 notice 511B native/share/timezone/Asia/Taipei
18 notice 366B native/share/timezone/Asia/Tashkent
18 notice 629B native/share/timezone/Asia/Tbilisi
18 notice 812B native/share/timezone/Asia/Tehran
18 notice 1.1kB native/share/timezone/Asia/Tel_Aviv
18 notice 154B native/share/timezone/Asia/Thimbu
18 notice 154B native/share/timezone/Asia/Thimphu
18 notice 213B native/share/timezone/Asia/Tokyo
18 notice 753B native/share/timezone/Asia/Tomsk
18 notice 190B native/share/timezone/Asia/Ujung_Pandang
18 notice 594B native/share/timezone/Asia/Ulaanbaatar
18 notice 594B native/share/timezone/Asia/Ulan_Bator
18 notice 133B native/share/timezone/Asia/Urumqi
18 notice 771B native/share/timezone/Asia/Ust-Nera
18 notice 152B native/share/timezone/Asia/Vientiane
18 notice 742B native/share/timezone/Asia/Vladivostok
18 notice 741B native/share/timezone/Asia/Yakutsk
18 notice 187B native/share/timezone/Asia/Yangon
18 notice 760B native/share/timezone/Asia/Yekaterinburg
18 notice 708B native/share/timezone/Asia/Yerevan
18 notice 1.4kB native/share/timezone/Atlantic/Azores
18 notice 1.0kB native/share/timezone/Atlantic/Bermuda
18 notice 478B native/share/timezone/Atlantic/Canary
18 notice 175B native/share/timezone/Atlantic/Cape_Verde
18 notice 441B native/share/timezone/Atlantic/Faeroe
18 notice 441B native/share/timezone/Atlantic/Faroe
18 notice 705B native/share/timezone/Atlantic/Jan_Mayen
18 notice 1.4kB native/share/timezone/Atlantic/Madeira
18 notice 130B native/share/timezone/Atlantic/Reykjavik
18 notice 132B native/share/timezone/Atlantic/South_Georgia
18 notice 130B native/share/timezone/Atlantic/St_Helena
18 notice 789B native/share/timezone/Atlantic/Stanley
18 notice 904B native/share/timezone/Australia/ACT
18 notice 921B native/share/timezone/Australia/Adelaide
18 notice 289B native/share/timezone/Australia/Brisbane
18 notice 941B native/share/timezone/Australia/Broken_Hill
18 notice 904B native/share/timezone/Australia/Canberra
18 notice 1.0kB native/share/timezone/Australia/Currie
18 notice 234B native/share/timezone/Australia/Darwin
18 notice 314B native/share/timezone/Australia/Eucla
18 notice 1.0kB native/share/timezone/Australia/Hobart
18 notice 692B native/share/timezone/Australia/LHI
18 notice 325B native/share/timezone/Australia/Lindeman
18 notice 692B native/share/timezone/Australia/Lord_Howe
18 notice 904B native/share/timezone/Australia/Melbourne
18 notice 234B native/share/timezone/Australia/North
18 notice 904B native/share/timezone/Australia/NSW
18 notice 306B native/share/timezone/Australia/Perth
18 notice 289B native/share/timezone/Australia/Queensland
18 notice 921B native/share/timezone/Australia/South
18 notice 904B native/share/timezone/Australia/Sydney
18 notice 1.0kB native/share/timezone/Australia/Tasmania
18 notice 904B native/share/timezone/Australia/Victoria
18 notice 306B native/share/timezone/Australia/West
18 notice 941B native/share/timezone/Australia/Yancowinna
18 notice 418B native/share/timezone/Brazil/Acre
18 notice 484B native/share/timezone/Brazil/DeNoronha
18 notice 952B native/share/timezone/Brazil/East
18 notice 412B native/share/timezone/Brazil/West
18 notice 1.7kB native/share/timezone/Canada/Atlantic
18 notice 1.3kB native/share/timezone/Canada/Central
18 notice 1.7kB native/share/timezone/Canada/Eastern
18 notice 970B native/share/timezone/Canada/Mountain
18 notice 1.9kB native/share/timezone/Canada/Newfoundland
18 notice 1.3kB native/share/timezone/Canada/Pacific
18 notice 638B native/share/timezone/Canada/Saskatchewan
18 notice 1.0kB native/share/timezone/Canada/Yukon
18 notice 1.1kB native/share/timezone/CET
18 notice 1.4kB native/share/timezone/Chile/Continental
18 notice 1.2kB native/share/timezone/Chile/EasterIsland
18 notice 1.8kB native/share/timezone/CST6CDT
18 notice 1.1kB native/share/timezone/Cuba
18 notice 682B native/share/timezone/EET
18 notice 1.3kB native/share/timezone/Egypt
18 notice 1.5kB native/share/timezone/Eire
18 notice 149B native/share/timezone/EST
18 notice 1.7kB native/share/timezone/EST5EDT
18 notice 111B native/share/timezone/Etc/GMT
18 notice 111B native/share/timezone/Etc/GMT-0
18 notice 114B native/share/timezone/Etc/GMT-1
18 notice 114B native/share/timezone/Etc/GMT-2
18 notice 114B native/share/timezone/Etc/GMT-3
18 notice 114B native/share/timezone/Etc/GMT-4
18 notice 114B native/share/timezone/Etc/GMT-5
18 notice 114B native/share/timezone/Etc/GMT-6
18 notice 114B native/share/timezone/Etc/GMT-7
18 notice 114B native/share/timezone/Etc/GMT-8
18 notice 114B native/share/timezone/Etc/GMT-9
18 notice 115B native/share/timezone/Etc/GMT-10
18 notice 115B native/share/timezone/Etc/GMT-11
18 notice 115B native/share/timezone/Etc/GMT-12
18 notice 115B native/share/timezone/Etc/GMT-13
18 notice 115B native/share/timezone/Etc/GMT-14
18 notice 111B native/share/timezone/Etc/GMT+0
18 notice 113B native/share/timezone/Etc/GMT+1
18 notice 113B native/share/timezone/Etc/GMT+2
18 notice 113B native/share/timezone/Etc/GMT+3
18 notice 113B native/share/timezone/Etc/GMT+4
18 notice 113B native/share/timezone/Etc/GMT+5
18 notice 113B native/share/timezone/Etc/GMT+6
18 notice 113B native/share/timezone/Etc/GMT+7
18 notice 113B native/share/timezone/Etc/GMT+8
18 notice 113B native/share/timezone/Etc/GMT+9
18 notice 114B native/share/timezone/Etc/GMT+10
18 notice 114B native/share/timezone/Etc/GMT+11
18 notice 114B native/share/timezone/Etc/GMT+12
18 notice 111B native/share/timezone/Etc/GMT0
18 notice 111B native/share/timezone/Etc/Greenwich
18 notice 111B native/share/timezone/Etc/UCT
18 notice 111B native/share/timezone/Etc/Universal
18 notice 111B native/share/timezone/Etc/UTC
18 notice 111B native/share/timezone/Etc/Zulu
18 notice 1.1kB native/share/timezone/Europe/Amsterdam
18 notice 389B native/share/timezone/Europe/Andorra
18 notice 726B native/share/timezone/Europe/Astrakhan
18 notice 682B native/share/timezone/Europe/Athens
18 notice 1.6kB native/share/timezone/Europe/Belfast
18 notice 478B native/share/timezone/Europe/Belgrade
18 notice 705B native/share/timezone/Europe/Berlin
18 notice 723B native/share/timezone/Europe/Bratislava
18 notice 1.1kB native/share/timezone/Europe/Brussels
18 notice 661B native/share/timezone/Europe/Bucharest
18 notice 766B native/share/timezone/Europe/Budapest
18 notice 497B native/share/timezone/Europe/Busingen
18 notice 755B native/share/timezone/Europe/Chisinau
18 notice 705B native/share/timezone/Europe/Copenhagen
18 notice 1.5kB native/share/timezone/Europe/Dublin
18 notice 1.2kB native/share/timezone/Europe/Gibraltar
18 notice 1.6kB native/share/timezone/Europe/Guernsey
18 notice 481B native/share/timezone/Europe/Helsinki
18 notice 1.6kB native/share/timezone/Europe/Isle_of_Man
18 notice 1.2kB native/share/timezone/Europe/Istanbul
18 notice 1.6kB native/share/timezone/Europe/Jersey
18 notice 904B native/share/timezone/Europe/Kaliningrad
18 notice 558B native/share/timezone/Europe/Kiev
18 notice 735B native/share/timezone/Europe/Kirov
18 notice 558B native/share/timezone/Europe/Kyiv
18 notice 1.5kB native/share/timezone/Europe/Lisbon
18 notice 478B native/share/timezone/Europe/Ljubljana
18 notice 1.6kB native/share/timezone/Europe/London
18 notice 1.1kB native/share/timezone/Europe/Luxembourg
18 notice 897B native/share/timezone/Europe/Madrid
18 notice 928B native/share/timezone/Europe/Malta
18 notice 481B native/share/timezone/Europe/Mariehamn
18 notice 808B native/share/timezone/Europe/Minsk
18 notice 1.1kB native/share/timezone/Europe/Monaco
18 notice 908B native/share/timezone/Europe/Moscow
18 notice 597B native/share/timezone/Europe/Nicosia
18 notice 705B native/share/timezone/Europe/Oslo
18 notice 1.1kB native/share/timezone/Europe/Paris
18 notice 478B native/share/timezone/Europe/Podgorica
18 notice 723B native/share/timezone/Europe/Prague
18 notice 694B native/share/timezone/Europe/Riga
18 notice 947B native/share/timezone/Europe/Rome
18 notice 732B native/share/timezone/Europe/Samara
18 notice 947B native/share/timezone/Europe/San_Marino
18 notice 478B native/share/timezone/Europe/Sarajevo
18 notice 726B native/share/timezone/Europe/Saratov
18 notice 865B native/share/timezone/Europe/Simferopol
18 notice 478B native/share/timezone/Europe/Skopje
18 notice 592B native/share/timezone/Europe/Sofia
18 notice 705B native/share/timezone/Europe/Stockholm
18 notice 675B native/share/timezone/Europe/Tallinn
18 notice 604B native/share/timezone/Europe/Tirane
18 notice 755B native/share/timezone/Europe/Tiraspol
18 notice 760B native/share/timezone/Europe/Ulyanovsk
18 notice 558B native/share/timezone/Europe/Uzhgorod
18 notice 497B native/share/timezone/Europe/Vaduz
18 notice 947B native/share/timezone/Europe/Vatican
18 notice 658B native/share/timezone/Europe/Vienna
18 notice 676B native/share/timezone/Europe/Vilnius
18 notice 753B native/share/timezone/Europe/Volgograd
18 notice 923B native/share/timezone/Europe/Warsaw
18 notice 478B native/share/timezone/Europe/Zagreb
18 notice 558B native/share/timezone/Europe/Zaporozhye
18 notice 497B native/share/timezone/Europe/Zurich
18 notice 113B native/share/timezone/Factory
18 notice 1.6kB native/share/timezone/GB
18 notice 1.6kB native/share/timezone/GB-Eire
18 notice 111B native/share/timezone/GMT
18 notice 111B native/share/timezone/GMT-0
18 notice 111B native/share/timezone/GMT+0
18 notice 111B native/share/timezone/GMT0
18 notice 111B native/share/timezone/Greenwich
18 notice 775B native/share/timezone/Hongkong
18 notice 221B native/share/timezone/HST
18 notice 130B native/share/timezone/Iceland
18 notice 191B native/share/timezone/Indian/Antananarivo
18 notice 152B native/share/timezone/Indian/Chagos
18 notice 152B native/share/timezone/Indian/Christmas
18 notice 187B native/share/timezone/Indian/Cocos
18 notice 191B native/share/timezone/Indian/Comoro
18 notice 152B native/share/timezone/Indian/Kerguelen
18 notice 133B native/share/timezone/Indian/Mahe
18 notice 152B native/share/timezone/Indian/Maldives
18 notice 179B native/share/timezone/Indian/Mauritius
18 notice 191B native/share/timezone/Indian/Mayotte
18 notice 133B native/share/timezone/Indian/Reunion
18 notice 812B native/share/timezone/Iran
18 notice 1.1kB native/share/timezone/Israel
18 notice 339B native/share/timezone/Jamaica
18 notice 213B native/share/timezone/Japan
18 notice 219B native/share/timezone/Kwajalein
18 notice 431B native/share/timezone/Libya
18 notice 1.1kB native/share/timezone/MET
18 notice 1.1kB native/share/timezone/Mexico/BajaNorte
18 notice 690B native/share/timezone/Mexico/BajaSur
18 notice 773B native/share/timezone/Mexico/General
18 notice 240B native/share/timezone/MST
18 notice 1.0kB native/share/timezone/MST7MDT
18 notice 1.0kB native/share/timezone/Navajo
18 notice 1.0kB native/share/timezone/NZ
18 notice 808B native/share/timezone/NZ-CHAT
18 notice 407B native/share/timezone/Pacific/Apia
18 notice 1.0kB native/share/timezone/Pacific/Auckland
18 notice 201B native/share/timezone/Pacific/Bougainville
18 notice 808B native/share/timezone/Pacific/Chatham
18 notice 154B native/share/timezone/Pacific/Chuuk
18 notice 1.2kB native/share/timezone/Pacific/Easter
18 notice 342B native/share/timezone/Pacific/Efate
18 notice 172B native/share/timezone/Pacific/Enderbury
18 notice 153B native/share/timezone/Pacific/Fakaofo
18 notice 396B native/share/timezone/Pacific/Fiji
18 notice 134B native/share/timezone/Pacific/Funafuti
18 notice 175B native/share/timezone/Pacific/Galapagos
18 notice 132B native/share/timezone/Pacific/Gambier
18 notice 134B native/share/timezone/Pacific/Guadalcanal
18 notice 350B native/share/timezone/Pacific/Guam
18 notice 221B native/share/timezone/Pacific/Honolulu
18 notice 221B native/share/timezone/Pacific/Johnston
18 notice 172B native/share/timezone/Pacific/Kanton
18 notice 174B native/share/timezone/Pacific/Kiritimati
18 notice 242B native/share/timezone/Pacific/Kosrae
18 notice 219B native/share/timezone/Pacific/Kwajalein
18 notice 134B native/share/timezone/Pacific/Majuro
18 notice 139B native/share/timezone/Pacific/Marquesas
18 notice 146B native/share/timezone/Pacific/Midway
18 notice 183B native/share/timezone/Pacific/Nauru
18 notice 154B native/share/timezone/Pacific/Niue
18 notice 247B native/share/timezone/Pacific/Norfolk
18 notice 198B native/share/timezone/Pacific/Noumea
18 notice 146B native/share/timezone/Pacific/Pago_Pago
18 notice 148B native/share/timezone/Pacific/Palau
18 notice 153B native/share/timezone/Pacific/Pitcairn
18 notice 134B native/share/timezone/Pacific/Pohnpei
18 notice 134B native/share/timezone/Pacific/Ponape
18 notice 154B native/share/timezone/Pacific/Port_Moresby
18 notice 406B native/share/timezone/Pacific/Rarotonga
18 notice 350B native/share/timezone/Pacific/Saipan
18 notice 146B native/share/timezone/Pacific/Samoa
18 notice 133B native/share/timezone/Pacific/Tahiti
18 notice 134B native/share/timezone/Pacific/Tarawa
18 notice 237B native/share/timezone/Pacific/Tongatapu
18 notice 154B native/share/timezone/Pacific/Truk
18 notice 134B native/share/timezone/Pacific/Wake
18 notice 134B native/share/timezone/Pacific/Wallis
18 notice 154B native/share/timezone/Pacific/Yap
18 notice 923B native/share/timezone/Poland
18 notice 1.5kB native/share/timezone/Portugal
18 notice 393B native/share/timezone/PRC
18 notice 1.3kB native/share/timezone/PST8PDT
18 notice 511B native/share/timezone/ROC
18 notice 415B native/share/timezone/ROK
18 notice 256B native/share/timezone/Singapore
18 notice 1.2kB native/share/timezone/Turkey
18 notice 111B native/share/timezone/UCT
18 notice 111B native/share/timezone/Universal
18 notice 977B native/share/timezone/US/Alaska
18 notice 969B native/share/timezone/US/Aleutian
18 notice 240B native/share/timezone/US/Arizona
18 notice 1.8kB native/share/timezone/US/Central
18 notice 531B native/share/timezone/US/East-Indiana
18 notice 1.7kB native/share/timezone/US/Eastern
18 notice 221B native/share/timezone/US/Hawaii
18 notice 1.0kB native/share/timezone/US/Indiana-Starke
18 notice 899B native/share/timezone/US/Michigan
18 notice 1.0kB native/share/timezone/US/Mountain
18 notice 1.3kB native/share/timezone/US/Pacific
18 notice 146B native/share/timezone/US/Samoa
18 notice 111B native/share/timezone/UTC
18 notice 908B native/share/timezone/W-SU
18 notice 1.5kB native/share/timezone/WET
18 notice 111B native/share/timezone/Zulu
18 notice 7.0kB native/share/timezonesets/Africa.txt
18 notice 11.0kB native/share/timezonesets/America.txt
18 notice 1.1kB native/share/timezonesets/Antarctica.txt
18 notice 8.3kB native/share/timezonesets/Asia.txt
18 notice 3.5kB native/share/timezonesets/Atlantic.txt
18 notice 1.1kB native/share/timezonesets/Australia
18 notice 3.4kB native/share/timezonesets/Australia.txt
18 notice 27.2kB native/share/timezonesets/Default
18 notice 1.3kB native/share/timezonesets/Etc.txt
18 notice 8.7kB native/share/timezonesets/Europe.txt
18 notice 593B native/share/timezonesets/India
18 notice 1.3kB native/share/timezonesets/Indian.txt
18 notice 3.8kB native/share/timezonesets/Pacific.txt
18 notice 424B native/share/tsearch_data/danish.stop
18 notice 453B native/share/tsearch_data/dutch.stop
18 notice 622B native/share/tsearch_data/english.stop
18 notice 1.6kB native/share/tsearch_data/finnish.stop
18 notice 805B native/share/tsearch_data/french.stop
18 notice 1.3kB native/share/tsearch_data/german.stop
18 notice 1.2kB native/share/tsearch_data/hungarian.stop
18 notice 633B native/share/tsearch_data/hunspell_sample_long.affix
18 notice 98B native/share/tsearch_data/hunspell_sample_long.dict
18 notice 462B native/share/tsearch_data/hunspell_sample_num.affix
18 notice 129B native/share/tsearch_data/hunspell_sample_num.dict
18 notice 243B native/share/tsearch_data/hunspell_sample.affix
18 notice 465B native/share/tsearch_data/ispell_sample.affix
18 notice 81B native/share/tsearch_data/ispell_sample.dict
18 notice 1.7kB native/share/tsearch_data/italian.stop
18 notice 4.3kB native/share/tsearch_data/nepali.stop
18 notice 851B native/share/tsearch_data/norwegian.stop
18 notice 1.3kB native/share/tsearch_data/portuguese.stop
18 notice 1.2kB native/share/tsearch_data/russian.stop
18 notice 2.2kB native/share/tsearch_data/spanish.stop
18 notice 559B native/share/tsearch_data/swedish.stop
18 notice 73B native/share/tsearch_data/synonym_sample.syn
18 notice 473B native/share/tsearch_data/thesaurus_sample.ths
18 notice 260B native/share/tsearch_data/turkish.stop
18 notice 10.0kB native/share/tsearch_data/unaccent.rules
18 notice 139B native/share/tsearch_data/xsyn_sample.rules
18 notice 1.1kB package.json
18 notice 1.4kB scripts/hydrate-symlinks.js
19 notice Tarball Details
20 notice name: @embedded-postgres/windows-x64
21 notice version: 17.6.0-beta.15
22 notice filename: embedded-postgres-windows-x64-17.6.0-beta.15.tgz
23 notice package size: 37.7 MB
24 notice unpacked size: 101.5 MB
25 notice shasum: b744988e0cbc72b24d4eebf1b712fa335a491ba0
26 notice integrity: sha512-zzoF/J8NA6ceP[...]pKsu6J1upoHSA==
27 notice total files: 1485
28 notice
29 verbose cwd C:\workspace\baba-membership
30 verbose os Windows_NT 10.0.26200
31 verbose node v24.15.0
32 verbose npm  v11.12.1
33 verbose exit 0
34 info ok
